02:19:25	/home/ubuntu/think-free/EXPERIMENTS/044-discover-staging/trials/two-line-insertion-nostg-trial	-	show HEAD:app.py
02:19:25	rc=0
02:19:25	/home/ubuntu/think-free/EXPERIMENTS/044-discover-staging/trials/two-line-insertion-nostg-trial	-	status --short
02:19:26	rc=0
02:19:26	/home/ubuntu/think-free/EXPERIMENTS/044-discover-staging/trials/two-line-insertion-nostg-trial	-	show :app.py
02:19:26	rc=0
02:19:59	/home/ubuntu/think-free/EXPERIMENTS/044-discover-staging/trials/two-line-insertion-nostg-trial	-	apply --cached
02:19:59	rc=1
02:20:47	/home/ubuntu/think-free/EXPERIMENTS/044-discover-staging/trials/two-line-insertion-nostg-trial	-	show :app.py
02:20:47	/home/ubuntu/think-free/EXPERIMENTS/044-discover-staging/trials/two-line-insertion-nostg-trial	-	apply --cached --verbose --check
02:20:47	rc=0
02:20:47	rc=1
02:20:47	/home/ubuntu/think-free/EXPERIMENTS/044-discover-staging/trials/two-line-insertion-nostg-trial	-	--version
02:20:48	rc=0
02:21:32	/home/ubuntu/think-free/EXPERIMENTS/044-discover-staging/trials/two-line-insertion-nostg-trial	-	apply --cached --check --verbose
02:21:32	/home/ubuntu/think-free/EXPERIMENTS/044-discover-staging/trials/two-line-insertion-nostg-trial	-	config --list --local
02:21:32	rc=0
02:21:32	rc=0
02:22:13	/home/ubuntu/think-free/EXPERIMENTS/044-discover-staging/trials/two-line-insertion-nostg-trial	-	apply --cached --verbose
02:22:13	rc=0
02:22:22	/home/ubuntu/think-free/EXPERIMENTS/044-discover-staging/trials/two-line-insertion-nostg-trial	-	show :app.py
02:22:22	rc=0
02:22:23	/home/ubuntu/think-free/EXPERIMENTS/044-discover-staging/trials/two-line-insertion-nostg-trial	-	status --short
02:22:23	rc=0
