02:24:12	/home/ubuntu/think-free/EXPERIMENTS/044-discover-staging/trials/adjacent-modifications-stg-trial	-	show HEAD:app.py
02:24:12	/home/ubuntu/think-free/EXPERIMENTS/044-discover-staging/trials/adjacent-modifications-stg-trial	-	show :app.py
02:24:12	rc=0
02:24:12	rc=0
02:24:35	/home/ubuntu/think-free/EXPERIMENTS/044-discover-staging/trials/adjacent-modifications-stg-trial	-	status --short
02:24:35	rc=0
02:24:35	/home/ubuntu/think-free/EXPERIMENTS/044-discover-staging/trials/adjacent-modifications-stg-trial	-	diff --cached --stat
02:24:36	REFUSED	diff
02:24:44	/home/ubuntu/think-free/EXPERIMENTS/044-discover-staging/trials/adjacent-modifications-stg-trial	1	diff -U0 --no-color --no-ext-diff
02:24:45	rc=0
02:24:45	/home/ubuntu/think-free/EXPERIMENTS/044-discover-staging/trials/adjacent-modifications-stg-trial	1	ls-files --others --exclude-standard
02:24:45	rc=0
02:25:01	/home/ubuntu/think-free/EXPERIMENTS/044-discover-staging/trials/adjacent-modifications-stg-trial	1	diff -U0 --no-color --no-ext-diff
02:25:01	rc=0
02:25:02	/home/ubuntu/think-free/EXPERIMENTS/044-discover-staging/trials/adjacent-modifications-stg-trial	1	apply --cached --unidiff-zero -
02:25:02	rc=0
02:25:16	/home/ubuntu/think-free/EXPERIMENTS/044-discover-staging/trials/adjacent-modifications-stg-trial	-	show :app.py
02:25:16	rc=0
02:25:16	/home/ubuntu/think-free/EXPERIMENTS/044-discover-staging/trials/adjacent-modifications-stg-trial	-	status --short
02:25:17	rc=0
02:25:18	/home/ubuntu/think-free/EXPERIMENTS/044-discover-staging/trials/adjacent-modifications-stg-trial	1	diff -U0 --no-color --no-ext-diff
02:25:18	rc=0
02:25:18	/home/ubuntu/think-free/EXPERIMENTS/044-discover-staging/trials/adjacent-modifications-stg-trial	1	ls-files --others --exclude-standard
02:25:18	rc=0
