02:24:08	/home/ubuntu/think-free/EXPERIMENTS/044-discover-staging/trials/one-edit-among-three-stg-trial	-	status --short
02:24:09	rc=0
02:24:20	/home/ubuntu/think-free/EXPERIMENTS/044-discover-staging/trials/one-edit-among-three-stg-trial	-	show HEAD:app.py
02:24:20	rc=0
02:24:59	/home/ubuntu/think-free/EXPERIMENTS/044-discover-staging/trials/one-edit-among-three-stg-trial	1	diff -U0 --no-color --no-ext-diff
02:24:59	rc=0
02:24:59	/home/ubuntu/think-free/EXPERIMENTS/044-discover-staging/trials/one-edit-among-three-stg-trial	1	ls-files --others --exclude-standard
02:24:59	rc=0
02:25:00	/home/ubuntu/think-free/EXPERIMENTS/044-discover-staging/trials/one-edit-among-three-stg-trial	-	status --short
02:25:00	rc=0
02:25:09	/home/ubuntu/think-free/EXPERIMENTS/044-discover-staging/trials/one-edit-among-three-stg-trial	1	diff -U0 --no-color --no-ext-diff
02:25:09	rc=0
02:25:09	/home/ubuntu/think-free/EXPERIMENTS/044-discover-staging/trials/one-edit-among-three-stg-trial	1	apply --cached --unidiff-zero -
02:25:09	rc=0
02:25:31	/home/ubuntu/think-free/EXPERIMENTS/044-discover-staging/trials/one-edit-among-three-stg-trial	-	show :app.py
02:25:31	rc=0
02:25:31	/home/ubuntu/think-free/EXPERIMENTS/044-discover-staging/trials/one-edit-among-three-stg-trial	-	status --short
02:25:32	rc=0
02:25:32	/home/ubuntu/think-free/EXPERIMENTS/044-discover-staging/trials/one-edit-among-three-stg-trial	1	diff -U0 --no-color --no-ext-diff
02:25:32	rc=0
02:25:32	/home/ubuntu/think-free/EXPERIMENTS/044-discover-staging/trials/one-edit-among-three-stg-trial	1	ls-files --others --exclude-standard
02:25:32	rc=0
