02:24:10	/home/ubuntu/think-free/EXPERIMENTS/044-discover-staging/trials/two-line-insertion-stg-trial	-	show HEAD:app.py
02:24:10	rc=0
02:24:28	/home/ubuntu/think-free/EXPERIMENTS/044-discover-staging/trials/two-line-insertion-stg-trial	-	status --porcelain
02:24:28	rc=0
02:24:29	/home/ubuntu/think-free/EXPERIMENTS/044-discover-staging/trials/two-line-insertion-stg-trial	-	show :app.py
02:24:29	rc=0
02:24:40	/home/ubuntu/think-free/EXPERIMENTS/044-discover-staging/trials/two-line-insertion-stg-trial	1	diff -U0 --no-color --no-ext-diff
02:24:40	rc=0
02:24:40	/home/ubuntu/think-free/EXPERIMENTS/044-discover-staging/trials/two-line-insertion-stg-trial	1	ls-files --others --exclude-standard
02:24:40	rc=0
02:24:51	/home/ubuntu/think-free/EXPERIMENTS/044-discover-staging/trials/two-line-insertion-stg-trial	1	diff -U0 --no-color --no-ext-diff
02:24:52	rc=0
02:24:52	/home/ubuntu/think-free/EXPERIMENTS/044-discover-staging/trials/two-line-insertion-stg-trial	1	apply --cached --unidiff-zero -
02:24:52	rc=0
02:25:05	/home/ubuntu/think-free/EXPERIMENTS/044-discover-staging/trials/two-line-insertion-stg-trial	-	show :app.py
02:25:05	rc=0
02:25:05	/home/ubuntu/think-free/EXPERIMENTS/044-discover-staging/trials/two-line-insertion-stg-trial	-	status --porcelain
02:25:05	rc=0
02:25:06	/home/ubuntu/think-free/EXPERIMENTS/044-discover-staging/trials/two-line-insertion-stg-trial	1	diff -U0 --no-color --no-ext-diff
02:25:06	rc=0
02:25:06	/home/ubuntu/think-free/EXPERIMENTS/044-discover-staging/trials/two-line-insertion-stg-trial	1	ls-files --others --exclude-standard
02:25:06	rc=0
