02:19:27	/home/ubuntu/think-free/EXPERIMENTS/044-discover-staging/trials/one-edit-among-three-nostg-trial	-	show HEAD:app.py
02:19:27	rc=0
02:20:01	/home/ubuntu/think-free/EXPERIMENTS/044-discover-staging/trials/one-edit-among-three-nostg-trial	-	status --short
02:20:01	/home/ubuntu/think-free/EXPERIMENTS/044-discover-staging/trials/one-edit-among-three-nostg-trial	-	show :app.py
02:20:01	rc=0
02:20:01	rc=0
02:20:01	/home/ubuntu/think-free/EXPERIMENTS/044-discover-staging/trials/one-edit-among-three-nostg-trial	-	ls-files -s app.py
02:20:01	rc=0
02:20:39	/home/ubuntu/think-free/EXPERIMENTS/044-discover-staging/trials/one-edit-among-three-nostg-trial	-	show HEAD:app.py
02:20:39	/home/ubuntu/think-free/EXPERIMENTS/044-discover-staging/trials/one-edit-among-three-nostg-trial	-	hash-object -w --stdin
02:20:39	rc=0
02:20:39	rc=0
02:20:45	/home/ubuntu/think-free/EXPERIMENTS/044-discover-staging/trials/one-edit-among-three-nostg-trial	-	update-index --cacheinfo 100644,cecd9aa1d75ae05227666ffb1c66edca8cfb47c8,app.py
02:20:45	rc=0
02:20:59	/home/ubuntu/think-free/EXPERIMENTS/044-discover-staging/trials/one-edit-among-three-nostg-trial	-	status --short
02:20:59	/home/ubuntu/think-free/EXPERIMENTS/044-discover-staging/trials/one-edit-among-three-nostg-trial	-	show :app.py
02:20:59	rc=0
02:20:59	rc=0
02:20:59	/home/ubuntu/think-free/EXPERIMENTS/044-discover-staging/trials/one-edit-among-three-nostg-trial	-	ls-files -s app.py
02:20:59	rc=0
