==============================================================================
[seq 3] 2026-10-04T15:14:02+00:00
$ git add -A docs/INDEX.md sessions/INDEX.md tasks/CLAIMS.jsonl tasks/INDEX.md sessions/2026-10-04-041-repair-the-red-base-state-md-over-the-li tasks/T-0055-publish-a-task-claim-from-inside-an-open-session.md
cwd: /home/ubuntu/think-free
------------------------------------------------------------------------------

------------------------------------------------------------------------------
exit: 0  duration_ms: 10  redactions: none
==============================================================================
[seq 4] 2026-10-04T15:14:03+00:00
$ git commit -q -m task: create T-0055 to publish a claim from inside an open session
cwd: /home/ubuntu/think-free
------------------------------------------------------------------------------

------------------------------------------------------------------------------
exit: 0  duration_ms: 82  redactions: none
==============================================================================
[seq 5] 2026-10-04T15:14:10+00:00
$ tools/origin sync land
cwd: /home/ubuntu/think-free
------------------------------------------------------------------------------
[stderr]
origin: commit or revert before landing: sessions/2026-10-04-041-repair-the-red-base-state-md-over-the-li/README.md, sessions/2026-10-04-041-repair-the-red-base-state-md-over-the-li/events.jsonl, sessions/2026-10-04-041-repair-the-red-base-state-md-over-the-li/commands.log
------------------------------------------------------------------------------
exit: 1  duration_ms: 988  redactions: none
