==============================================================================
[seq 2] 2026-10-04T00:43:39+00:00
$ env PYTHONPATH=tools:tests python3 -m unittest discover -s tests -t tests -k TaskIndexFreshness -v
cwd: /home/ubuntu/think-free
------------------------------------------------------------------------------
[stderr]
test_a_file_nobody_created_is_still_an_orphan (test_task_index_freshness.TaskIndexFreshnessTest) ... ok
test_a_new_task_leaves_no_orphan_behind (test_task_index_freshness.TaskIndexFreshnessTest) ... FAIL
test_claiming_and_completing_keep_the_index_current (test_task_index_freshness.TaskIndexFreshnessTest) ... ERROR
test_regeneration_is_idempotent (test_task_index_freshness.TaskIndexFreshnessTest) ... ERROR
test_the_index_on_disk_matches_the_generator_after_create (test_task_index_freshness.TaskIndexFreshnessTest) ... ERROR

======================================================================
ERROR: test_claiming_and_completing_keep_the_index_current (test_task_index_freshness.TaskIndexFreshnessTest)
----------------------------------------------------------------------
Traceback (most recent call last):
  File "/home/ubuntu/think-free/tests/test_task_index_freshness.py", line 40, in test_claiming_and_completing_keep_the_index_current
    self.assertIn("agent-a", self.committed_index())
  File "/home/ubuntu/think-free/tests/test_task_index_freshness.py", line 23, in committed_index
    return (self.repo / "tasks" / "INDEX.md").read_text(encoding="utf-8")
  File "/usr/lib/python3.8/pathlib.py", line 1236, in read_text
    with self.open(mode='r', encoding=encoding, errors=errors) as f:
  File "/usr/lib/python3.8/pathlib.py", line 1222, in open
    return io.open(self, mode, buffering, encoding, errors, newline,
  File "/usr/lib/python3.8/pathlib.py", line 1078, in _opener
    return self._accessor.open(self, flags, mode)
FileNotFoundError: [Errno 2] No such file or directory: '/tmp/origin-test-rngf1o00/tasks/INDEX.md'

======================================================================
ERROR: test_regeneration_is_idempotent (test_task_index_freshness.TaskIndexFreshnessTest)
----------------------------------------------------------------------
Traceback (most recent call last):
  File "/home/ubuntu/think-free/tests/test_task_index_freshness.py", line 56, in test_regeneration_is_idempotent
    first = self.committed_index()
  File "/home/ubuntu/think-free/tests/test_task_index_freshness.py", line 23, in committed_index
    return (self.repo / "tasks" / "INDEX.md").read_text(encoding="utf-8")
  File "/usr/lib/python3.8/pathlib.py", line 1236, in read_text
    with self.open(mode='r', encoding=encoding, errors=errors) as f:
  File "/usr/lib/python3.8/pathlib.py", line 1222, in open
    return io.open(self, mode, buffering, encoding, errors, newline,
  File "/usr/lib/python3.8/pathlib.py", line 1078, in _opener
    return self._accessor.open(self, flags, mode)
FileNotFoundError: [Errno 2] No such file or directory: '/tmp/origin-test-l3o_fxbo/tasks/INDEX.md'

======================================================================
ERROR: test_the_index_on_disk_matches_the_generator_after_create (test_task_index_freshness.TaskIndexFreshnessTest)
----------------------------------------------------------------------
Traceback (most recent call last):
  File "/home/ubuntu/think-free/tests/test_task_index_freshness.py", line 33, in test_the_index_on_disk_matches_the_generator_after_create
    self.assertEqual(self.committed_index(), tasks.render_tasks_index())
  File "/home/ubuntu/think-free/tests/test_task_index_freshness.py", line 23, in committed_index
    return (self.repo / "tasks" / "INDEX.md").read_text(encoding="utf-8")
  File "/usr/lib/python3.8/pathlib.py", line 1236, in read_text
    with self.open(mode='r', encoding=encoding, errors=errors) as f:
  File "/usr/lib/python3.8/pathlib.py", line 1222, in open
    return io.open(self, mode, buffering, encoding, errors, newline,
  File "/usr/lib/python3.8/pathlib.py", line 1078, in _opener
    return self._accessor.open(self, flags, mode)
FileNotFoundError: [Errno 2] No such file or directory: '/tmp/origin-test-rx7nzg4e/tasks/INDEX.md'

======================================================================
FAIL: test_a_new_task_leaves_no_orphan_behind (test_task_index_freshness.TaskIndexFreshnessTest)
----------------------------------------------------------------------
Traceback (most recent call last):
  File "/home/ubuntu/think-free/tests/test_task_index_freshness.py", line 29, in test_a_new_task_leaves_no_orphan_behind
    self.assertEqual(result, 0, self.output())
AssertionError: 2 != 0 : doc lint: 47 file(s) checked
  FAIL  AGENTS.md: orphan document; no other document links to it
  FAIL  MISSION.md: orphan document; no other document links to it
  FAIL  README.md: orphan document; no other document links to it
  FAIL  RELEASE-MANIFEST.md: orphan document; no other document links to it
  FAIL  STATE.md: orphan document; no other document links to it
  FAIL  docs/policy/doc-standards.md: orphan document; no other document links to it
  FAIL  docs/process/session-protocol.md: orphan document; no other document links to it
  FAIL  docs/process/task-lifecycle.md: orphan document; no other document links to it
  FAIL  docs/reference/skill-inventory.md: orphan document; no other document links to it
  FAIL  tasks/T-0001-reachable-at-once.md: orphan document; no other document links to it
  FAIL  sessions/INDEX.md: generated file missing
  FAIL  docs/INDEX.md: generated file is stale; run 'tools/origin doc index'
  FAIL  tasks/INDEX.md: generated file missing
doc lint: 13 violation(s)


----------------------------------------------------------------------
Ran 5 tests in 1.586s

FAILED (failures=1, errors=3)
------------------------------------------------------------------------------
exit: 1  duration_ms: 2014  redactions: none
==============================================================================
[seq 3] 2026-10-04T00:44:56+00:00
$ env PYTHONPATH=tools:tests python3 -m unittest discover -s tests -t tests -k TaskIndexFreshness -v
cwd: /home/ubuntu/think-free
------------------------------------------------------------------------------
[stderr]
test_a_file_nobody_created_is_still_an_orphan (test_task_index_freshness.TaskIndexFreshnessTest) ... ok
test_a_new_task_leaves_no_orphan_behind (test_task_index_freshness.TaskIndexFreshnessTest) ... ok
test_claiming_and_completing_keep_the_index_current (test_task_index_freshness.TaskIndexFreshnessTest) ... ok
test_regeneration_is_idempotent (test_task_index_freshness.TaskIndexFreshnessTest) ... ok
test_the_index_on_disk_matches_the_generator_after_create (test_task_index_freshness.TaskIndexFreshnessTest) ... ok

----------------------------------------------------------------------
Ran 5 tests in 3.753s

OK
------------------------------------------------------------------------------
exit: 0  duration_ms: 4202  redactions: none
==============================================================================
[seq 4] 2026-10-04T00:45:03+00:00
$ env PYTHONPATH=tools:tests python3 -m unittest discover -s tests -t tests -k TaskIndexFreshness -v
cwd: /home/ubuntu/think-free
------------------------------------------------------------------------------
[stderr]
test_a_file_nobody_created_is_still_an_orphan (test_task_index_freshness.TaskIndexFreshnessTest) ... ok
test_a_new_task_leaves_no_orphan_behind (test_task_index_freshness.TaskIndexFreshnessTest) ... FAIL
test_claiming_and_completing_keep_the_index_current (test_task_index_freshness.TaskIndexFreshnessTest) ... FAIL
test_regeneration_is_idempotent (test_task_index_freshness.TaskIndexFreshnessTest) ... FAIL
test_the_index_on_disk_matches_the_generator_after_create (test_task_index_freshness.TaskIndexFreshnessTest) ... FAIL

======================================================================
FAIL: test_a_new_task_leaves_no_orphan_behind (test_task_index_freshness.TaskIndexFreshnessTest)
----------------------------------------------------------------------
Traceback (most recent call last):
  File "/home/ubuntu/think-free/tests/test_task_index_freshness.py", line 36, in test_a_new_task_leaves_no_orphan_behind
    self.assertEqual(result, 0, self.output())
AssertionError: 2 != 0 : doc lint: 49 file(s) checked
  FAIL  tasks/T-0001-reachable-at-once.md: orphan document; no other document links to it
  FAIL  docs/INDEX.md: generated file is stale; run 'tools/origin doc index'
  FAIL  tasks/INDEX.md: generated file is stale; run 'tools/origin doc index'
doc lint: 3 violation(s)


======================================================================
FAIL: test_claiming_and_completing_keep_the_index_current (test_task_index_freshness.TaskIndexFreshnessTest)
----------------------------------------------------------------------
Traceback (most recent call last):
  File "/home/ubuntu/think-free/tests/test_task_index_freshness.py", line 47, in test_claiming_and_completing_keep_the_index_current
    self.assertIn("agent-a", self.committed_index())
AssertionError: 'agent-a' not found in '# Tasks index\n\n<!-- origin-meta\nowner: docs/INDEX.md\nstatus: active\nlast-verified: unknown\n-->\n\n<!-- generated-by: origin; do not edit by hand -->\n\n0 task(s). Every task file declares a runnable verification command;\n`tools/origin task verify <id>` executes it and records the exit code.\n\n| Task | Status | Claimed by | Verify | Created |\n|---|---|---|---|---|\n\n## How tasks run on another machine\n\n```bash\ntools/origin doctor                       # verify the VM can do the work\ntools/origin session start --goal "$TASK" --task T-0001\ntools/origin task claim T-0001 --agent "$AGENT" --vm "$HOSTNAME"\ntools/origin task verify T-0001\ntools/origin task complete T-0001 --summary "…"\ntools/origin session finish --outcome worked --summary "…" --next "…"\n```\n\nProtocol: [`../docs/process/task-lifecycle.md`](../docs/process/task-lifecycle.md).\n'

======================================================================
FAIL: test_regeneration_is_idempotent (test_task_index_freshness.TaskIndexFreshnessTest)
----------------------------------------------------------------------
Traceback (most recent call last):
  File "/home/ubuntu/think-free/tests/test_task_index_freshness.py", line 66, in test_regeneration_is_idempotent
    self.assertEqual(first, tasks.render_tasks_index())
AssertionError: '# Ta[79 chars]ied: unknown\n-->\n\n<!-- generated-by: origin[736 chars]).\n' != '# Ta[79 chars]ied: 2026-10-04\n-->\n\n<!-- generated-by: ori[825 chars]).\n'
Diff is 1092 characters long. Set self.maxDiff to None to see it.

======================================================================
FAIL: test_the_index_on_disk_matches_the_generator_after_create (test_task_index_freshness.TaskIndexFreshnessTest)
----------------------------------------------------------------------
Traceback (most recent call last):
  File "/home/ubuntu/think-free/tests/test_task_index_freshness.py", line 40, in test_the_index_on_disk_matches_the_generator_after_create
    self.assertEqual(self.committed_index(), tasks.render_tasks_index())
AssertionError: '# Ta[79 chars]ied: unknown\n-->\n\n<!-- generated-by: origin[736 chars]).\n' != '# Ta[79 chars]ied: 2026-10-04\n-->\n\n<!-- generated-by: ori[823 chars]).\n'
Diff is 1090 characters long. Set self.maxDiff to None to see it.

----------------------------------------------------------------------
Ran 5 tests in 1.696s

FAILED (failures=4)
------------------------------------------------------------------------------
exit: 1  duration_ms: 2102  redactions: none
==============================================================================
[seq 5] 2026-10-04T00:45:10+00:00
$ env PYTHONPATH=tools:tests python3 -m unittest discover -s tests -t tests -k TaskIndexFreshness
cwd: /home/ubuntu/think-free
------------------------------------------------------------------------------
[stderr]
.....
----------------------------------------------------------------------
Ran 5 tests in 1.915s

OK
------------------------------------------------------------------------------
exit: 0  duration_ms: 2308  redactions: none
==============================================================================
[seq 12] 2026-10-04T00:47:43+00:00
$ env PYTHONPATH=tools:tests python3 -m unittest discover -s tests -t tests
cwd: /home/ubuntu/think-free
------------------------------------------------------------------------------
T-0001   open       -              T-0001-listed.md
T-0001   open       -              T-0001-listed.md


[stderr]
..................................................................................................................................................................................................................................................................................
----------------------------------------------------------------------
Ran 274 tests in 145.108s

OK
------------------------------------------------------------------------------
exit: 0  duration_ms: 145534  redactions: none
==============================================================================
[seq 23] 2026-10-04T00:52:08+00:00
$ tools/origin task verify T-0026
cwd: /home/ubuntu/think-free
------------------------------------------------------------------------------
T-0026: `PYTHONPATH=tools:tests python3 -m unittest discover -s tests -t tests && tools/origin doc lint` -> exit 0 in 148.02s
------------------------------------------------------------------------------
exit: 0  duration_ms: 148393  redactions: none
