==============================================================================
[seq 2] 2026-10-04T07:19:33+00:00
$ env PYTHONPATH=tools:tests python3 -m unittest discover -s tests -t tests -p test_tasks.py
cwd: /home/ubuntu/think-free
------------------------------------------------------------------------------
T-0001   open       -              T-0001-listed.md
T-0001   open       -              T-0001-listed.md


[stderr]
......FEFF............
======================================================================
ERROR: test_one_flag_is_unchanged (test_tasks.RepeatedFlagTest)
----------------------------------------------------------------------
Traceback (most recent call last):
  File "/home/ubuntu/think-free/tests/test_tasks.py", line 157, in test_one_flag_is_unchanged
    self.assertEqual(len(self.acceptance_lines()), 1)
  File "/home/ubuntu/think-free/tests/test_tasks.py", line 119, in acceptance_lines
    text = (self.repo / "tasks" / "T-0001-five-criteria.md").read_text(encoding="utf-8")
  File "/usr/lib/python3.8/pathlib.py", line 1236, in read_text
    with self.open(mode='r', encoding=encoding, errors=errors) as f:
  File "/usr/lib/python3.8/pathlib.py", line 1222, in open
    return io.open(self, mode, buffering, encoding, errors, newline,
  File "/usr/lib/python3.8/pathlib.py", line 1078, in _opener
    return self._accessor.open(self, flags, mode)
FileNotFoundError: [Errno 2] No such file or directory: '/tmp/origin-test-blsdvzbe/tasks/T-0001-five-criteria.md'

======================================================================
FAIL: test_no_flag_still_gets_the_placeholder (test_tasks.RepeatedFlagTest)
----------------------------------------------------------------------
Traceback (most recent call last):
  File "/home/ubuntu/think-free/tests/test_tasks.py", line 163, in test_no_flag_still_gets_the_placeholder
    self.assertIn("- [ ]", text.split("## Acceptance criteria", 1)[1])
AssertionError: '- [ ]' not found in '\n\n\n\n## Verification\n\n```bash\ntrue\n```\n\n## Rollback\n\n\n\n## Notes\n\nAppend observations here. Record outcomes as events with\n`tools/origin session experiment-result`.\n'

======================================================================
FAIL: test_three_acceptance_flags_produce_three_lines (test_tasks.RepeatedFlagTest)
----------------------------------------------------------------------
Traceback (most recent call last):
  File "/home/ubuntu/think-free/tests/test_tasks.py", line 132, in test_three_acceptance_flags_produce_three_lines
    self.assertEqual(len(lines), 3, lines)
AssertionError: 1 != 3 : ['- [ ] three']

======================================================================
FAIL: test_three_steps_flags_produce_three_numbered_lines (test_tasks.RepeatedFlagTest)
----------------------------------------------------------------------
Traceback (most recent call last):
  File "/home/ubuntu/think-free/tests/test_tasks.py", line 147, in test_three_steps_flags_produce_three_numbered_lines
    self.assertIn(step, body)
AssertionError: '1. first' not found in '\n\n3. third\n\n## Acceptance criteria\n\n\n\n## Verification\n\n```bash\ntrue\n```\n\n## Rollback\n\n\n\n## Notes\n\nAppend observations here. Record outcomes as events with\n`tools/origin session experiment-result`.\n'

----------------------------------------------------------------------
Ran 22 tests in 7.986s

FAILED (failures=3, errors=1)
------------------------------------------------------------------------------
exit: 1  duration_ms: 8307  redactions: none
==============================================================================
[seq 3] 2026-10-04T07:21:08+00:00
$ env PYTHONPATH=tools:tests python3 -m unittest discover -s tests -t tests -p test_tasks.py
cwd: /home/ubuntu/think-free
------------------------------------------------------------------------------
T-0001   open       -              T-0001-listed.md
T-0001   open       -              T-0001-listed.md


[stderr]
.......E..............
======================================================================
ERROR: test_one_flag_is_unchanged (test_tasks.RepeatedFlagTest)
----------------------------------------------------------------------
Traceback (most recent call last):
  File "/home/ubuntu/think-free/tests/test_tasks.py", line 157, in test_one_flag_is_unchanged
    self.assertEqual(len(self.acceptance_lines()), 1)
  File "/home/ubuntu/think-free/tests/test_tasks.py", line 119, in acceptance_lines
    text = (self.repo / "tasks" / "T-0001-five-criteria.md").read_text(encoding="utf-8")
  File "/usr/lib/python3.8/pathlib.py", line 1236, in read_text
    with self.open(mode='r', encoding=encoding, errors=errors) as f:
  File "/usr/lib/python3.8/pathlib.py", line 1222, in open
    return io.open(self, mode, buffering, encoding, errors, newline,
  File "/usr/lib/python3.8/pathlib.py", line 1078, in _opener
    return self._accessor.open(self, flags, mode)
FileNotFoundError: [Errno 2] No such file or directory: '/tmp/origin-test-zgyhgp50/tasks/T-0001-five-criteria.md'

----------------------------------------------------------------------
Ran 22 tests in 8.071s

FAILED (errors=1)
------------------------------------------------------------------------------
exit: 1  duration_ms: 8336  redactions: none
==============================================================================
[seq 4] 2026-10-04T07:21:16+00:00
$ env PYTHONPATH=tools:tests python3 -m unittest tests.test_tasks.RepeatedFlagTest -v
cwd: /home/ubuntu/think-free
------------------------------------------------------------------------------
[stderr]
test_no_flag_leaves_the_section_empty_rather_than_inventing_one (tests.test_tasks.RepeatedFlagTest) ... ok
test_one_flag_is_unchanged (tests.test_tasks.RepeatedFlagTest) ... ERROR
test_three_acceptance_flags_produce_three_lines (tests.test_tasks.RepeatedFlagTest) ... ok
test_three_steps_flags_produce_three_numbered_lines (tests.test_tasks.RepeatedFlagTest) ... ok

======================================================================
ERROR: test_one_flag_is_unchanged (tests.test_tasks.RepeatedFlagTest)
----------------------------------------------------------------------
Traceback (most recent call last):
  File "/home/ubuntu/think-free/tests/test_tasks.py", line 157, in test_one_flag_is_unchanged
    self.assertEqual(len(self.acceptance_lines()), 1)
  File "/home/ubuntu/think-free/tests/test_tasks.py", line 119, in acceptance_lines
    text = (self.repo / "tasks" / "T-0001-five-criteria.md").read_text(encoding="utf-8")
  File "/usr/lib/python3.8/pathlib.py", line 1236, in read_text
    with self.open(mode='r', encoding=encoding, errors=errors) as f:
  File "/usr/lib/python3.8/pathlib.py", line 1222, in open
    return io.open(self, mode, buffering, encoding, errors, newline,
  File "/usr/lib/python3.8/pathlib.py", line 1078, in _opener
    return self._accessor.open(self, flags, mode)
FileNotFoundError: [Errno 2] No such file or directory: '/tmp/origin-test-tlghovid/tasks/T-0001-five-criteria.md'

----------------------------------------------------------------------
Ran 4 tests in 1.689s

FAILED (errors=1)
------------------------------------------------------------------------------
exit: 1  duration_ms: 2008  redactions: none
==============================================================================
[seq 5] 2026-10-04T07:21:45+00:00
$ env PYTHONPATH=tools:tests python3 -m unittest discover -s tests -t tests -p test_tasks.py
cwd: /home/ubuntu/think-free
------------------------------------------------------------------------------
T-0001   open       -              T-0001-listed.md
T-0001   open       -              T-0001-listed.md


[stderr]
......................
----------------------------------------------------------------------
Ran 22 tests in 8.293s

OK
------------------------------------------------------------------------------
exit: 0  duration_ms: 8694  redactions: none
==============================================================================
[seq 14] 2026-10-04T07:27:25+00:00
$ env PYTHONPATH=tools:tests python3 -m unittest discover -s tests -t tests
cwd: /home/ubuntu/think-free
------------------------------------------------------------------------------
T-0001   open       -              T-0001-listed.md
T-0001   open       -              T-0001-listed.md


[stderr]
......................................................................................................................................................................................................................................................................................................................................................................................................................................
----------------------------------------------------------------------
Ran 422 tests in 252.685s

OK
------------------------------------------------------------------------------
exit: 0  duration_ms: 253308  redactions: none
