n=100   0.00  0.00  0.00  0.00  0.00  0.00  0.00  0.00
n=175   0.00  0.00  0.00  0.00  0.00  0.00  0.00  0.00
n=275   0.00  0.00  0.00  0.00  0.00  0.00  0.00  0.00
n=400   0.00  0.00  0.00  0.00  0.00  0.00  0.00  0.00
n=550   1.00  0.00  0.00  0.00  0.00  0.00  0.00  0.00
n=750   2.00  0.00  0.00  0.00  0.00  0.00  0.00  0.00
n=1000  6.00  1.00  0.00  0.00  0.00  0.00  0.00  0.00
n=1250  8.00  2.00  0.00  0.00  0.00  0.00  0.00  0.00
n=1391  8.00  1.00  1.00  0.00  0.00  0.00  0.00  0.00
n=100   0.00  0.00  0.00  0.00  0.00  0.00  0.00  0.00
n=175   0.00  0.00  0.00  0.00  0.00  0.00  0.00  0.00
n=275   0.00  0.00  0.00  0.00  0.00  0.00  0.00  0.00
n=400   0.00  0.00  0.00  0.00  0.00  0.00  0.00  0.00
n=550   1.00  0.00  0.00  0.00  0.00  0.00  0.00  0.00
n=750   1.00  0.00  0.00  0.00  0.00  0.00  0.00  0.00
n=1000  1.00  0.00  0.00  0.00  0.00  0.00  0.00  0.00
n=1250  2.00  0.00  0.00  0.00  0.00  0.00  0.00  0.00
n=1391  4.00  0.00  0.00  0.00  0.00  0.00  0.00  0.00

arm A: qualifying clusters (mean of 40 draws)
     n t=0.15  t=0.20  t=0.25  t=0.30  t=0.35  t=0.40  t=0.45  t=0.50
   100 0.00   0.00   0.00   0.00   0.00   0.00   0.00   0.00 
   175 0.00   0.00   0.00   0.00   0.00   0.00   0.00   0.00 
   275 0.00   0.00   0.00   0.00   0.00   0.00   0.00   0.00 
   400 0.00   0.00   0.00   0.00   0.00   0.00   0.00   0.00 
   550 1.00   0.00   0.00   0.00   0.00   0.00   0.00   0.00 
   750 2.00   0.00   0.00   0.00   0.00   0.00   0.00   0.00 
  1000 6.00   1.00   0.00   0.00   0.00   0.00   0.00   0.00 
  1250 8.00   2.00   0.00   0.00   0.00   0.00   0.00   0.00 
  1391 8.00   1.00   1.00   0.00   0.00   0.00   0.00   0.00 

arm A vs arm B at full size: 8 against 4 qualifying clusters

alpha, arm A / arm B
  t=0.15  A=0.9711   [0.6322, 1.7171]        B=0.5531   [0.3337, 0.9793]
  t=0.20  A=0.3459   [0.1207, 0.7647]        B=0.0      [0.0, 0.0]
  t=0.25  A=0.1111   [0.0, 0.3593]           B=0.0      [0.0, 0.0]
  t=0.30  A=0.0      [0.0, 0.0]              B=0.0      [0.0, 0.0]
  t=0.35  A=0.0      [0.0, 0.0]              B=0.0      [0.0, 0.0]
  t=0.40  A=0.0      [0.0, 0.0]              B=0.0      [0.0, 0.0]
  t=0.45  A=0.0      [0.0, 0.0]              B=0.0      [0.0, 0.0]
  t=0.50  A=0.0      [0.0, 0.0]              B=0.0      [0.0, 0.0]

gates: {"S1": true, "S2": false, "S3": true}
{
 "0.15": {
  "alpha": 0.9711,
  "implied_n_for_20": 3573.6,
  "label": "inferred (extrapolation beyond n=1391)",
  "observed_at_n_1391": 8.0
 },
 "0.20": {
  "alpha": 0.3459,
  "implied_n_for_20": 8028169.0,
  "label": "inferred (extrapolation beyond n=1391)",
  "observed_at_n_1391": 1.0
 },
 "0.25": {
  "alpha": 0.1111,
  "implied_n_for_20": 714114966346623.1,
  "label": "inferred (extrapolation beyond n=1391)",
  "observed_at_n_1391": 1.0
 }
}
