==============================================================================
[seq 2] 2026-10-08T02:31:22+00:00
$ python3 /tmp/opencode/e057_pop/harvest.py
cwd: /home/ubuntu/think-free
------------------------------------------------------------------------------
voc:static-untested    status=200 total=177 items=30
voc:coverage-no-run    status=200 total=1217 items=30
voc:never-called       status=200 total=1683 items=30
voc:static-dead-code   status=200 total=1483 items=30
inc:coveragepy         status=None total=None items=0
inc:pytest-cov         status=200 total=13 items=13
inc:vulture            status=None total=None items=0
wrote /tmp/opencode/e057_pop/raw/requests.jsonl 7 requests
------------------------------------------------------------------------------
exit: 0  duration_ms: 62196  redactions: none
==============================================================================
[seq 3] 2026-10-08T02:36:18+00:00
$ python3 /tmp/opencode/e057_pop/harvest2.py
cwd: /home/ubuntu/think-free
------------------------------------------------------------------------------
inc:coveragepy-without-running status=200 total=32 items=30 
inc:vulture-without-running    status=200 total=1 items=1 
voc:no-executed-tests          status=200 total=202343 items=30 
wrote /tmp/opencode/e057_pop/raw/requests-2.jsonl
------------------------------------------------------------------------------
exit: 0  duration_ms: 20083  redactions: none
