==============================================================================
[seq 7] 2026-10-04T05:57:02+00:00
$ bash -c PYTHONPATH=tools:tests python3 -m unittest discover -s tests -t tests; echo "suite exit=$?"; tools/origin doc lint >/dev/null 2>&1; echo "lint exit=$?"; tools/origin release check >/dev/null 2>&1; echo "release exit=$?"; tools/origin skills check >/dev/null 2>&1; echo "skills exit=$?"; tools/origin skills verify >/dev/null 2>&1; echo "skills-verify exit=$?"; tools/origin session verify --strict >/dev/null 2>&1; echo "session exit=$?"
cwd: /home/ubuntu/think-free
------------------------------------------------------------------------------
T-0001   open       -              T-0001-listed.md
T-0001   open       -              T-0001-listed.md
suite exit=0
lint exit=0
release exit=0
skills exit=0
skills-verify exit=0
session exit=4


[stderr]
................................................................................................................................................................................................................................................................................................................................................................................................................
----------------------------------------------------------------------
Ran 400 tests in 225.984s

OK
------------------------------------------------------------------------------
exit: 0  duration_ms: 235685  redactions: none
