==============================================================================
[seq 3] 2026-10-03T22:46:25+00:00
$ bash -c for f in FAILURES.md FAILURES-findings-2.md DECISIONS-GATING.md; do git show fd7b4a1:$f > /tmp/opencode/pre-$f; done; PYTHONPATH=tools python3 -c "
import pathlib, sys
from originlib import conflicts
base = pathlib.Path(\"/tmp/opencode\")
bad = 0
for path in sorted(base.glob(\"pre-*.md\")):
    found, _ = conflicts.scan_file(path)
    for item in found:
        bad += 1
        print(f\"{path.name}:{item.line}: {item.detail}\")
print(f\"findings on the pre-fix tree: {bad}\")
sys.exit(0 if bad else 1)
"
cwd: /home/ubuntu/think-free
------------------------------------------------------------------------------
pre-DECISIONS-GATING.md:211: conflict terminator with no open block
findings on the pre-fix tree: 1
------------------------------------------------------------------------------
exit: 0  duration_ms: 179  redactions: none
==============================================================================
[seq 4] 2026-10-03T22:48:19+00:00
$ bash -c PYTHONPATH=tools:tests python3 -m unittest discover -s tests -t tests -p "test_conflicts.py" -v 2>&1 | tail -40
cwd: /home/ubuntu/think-free
------------------------------------------------------------------------------


======================================================================
FAIL: test_every_committed_region_is_reported (test_conflicts.MarkerTest) (file='FAILURES.md')
----------------------------------------------------------------------
Traceback (most recent call last):
  File "/home/ubuntu/think-free/tests/test_conflicts.py", line 106, in test_every_committed_region_is_reported
    self.assertEqual([item.line for item in conflicts.scan(text)], list(lines))
AssertionError: Lists differ: [2] != [3]

First differing element 0:
2
3

- [2]
+ [3]

======================================================================
FAIL: test_every_committed_region_is_reported (test_conflicts.MarkerTest) (file='DECISIONS-GATING.md')
----------------------------------------------------------------------
Traceback (most recent call last):
  File "/home/ubuntu/think-free/tests/test_conflicts.py", line 106, in test_every_committed_region_is_reported
    self.assertEqual([item.line for item in conflicts.scan(text)], list(lines))
AssertionError: Lists differ: [3, 9] != [3, 8]

First differing element 1:
9
8

- [3, 9]
?     ^

+ [3, 8]
?     ^


----------------------------------------------------------------------
Ran 23 tests in 2.669s

FAILED (failures=5, errors=1)
------------------------------------------------------------------------------
exit: 0  duration_ms: 2930  redactions: none
==============================================================================
[seq 5] 2026-10-03T22:51:05+00:00
$ bash -c PYTHONPATH=tools:tests python3 -m unittest discover -s tests -t tests 2>&1 | tail -6
cwd: /home/ubuntu/think-free
------------------------------------------------------------------------------
----------------------------------------------------------------------
Ran 201 tests in 97.008s

OK
T-0001   open       -              T-0001-listed.md
T-0001   open       -              T-0001-listed.md
------------------------------------------------------------------------------
exit: 0  duration_ms: 97411  redactions: none
==============================================================================
[seq 6] 2026-10-03T22:51:10+00:00
$ bash -c set -e
mkdir -p /tmp/opencode/prefix
for f in FAILURES.md FAILURES-findings-2.md DECISIONS-GATING.md; do
  git show fd7b4a1:$f > /tmp/opencode/prefix/$f
done
PYTHONPATH=tools python3 - <<"PY"
import pathlib
from originlib import conflicts
base = pathlib.Path("/tmp/opencode/prefix")
violations, _ = conflicts.report(sorted(base.iterdir()), base)
for line in violations:
    print("PRE-FIX " + line)
print(f"pre-fix findings: {len(violations)} (expected 4, exit 0 only if the rule fires)")
PY
PYTHONPATH=tools python3 -c "
import pathlib
from originlib import conflicts
root = pathlib.Path(\".\")
files = [p for p in [root/\"FAILURES.md\", root/\"FAILURES-findings-2.md\", root/\"DECISIONS-GATING.md\"]]
violations, _ = conflicts.report(files, root)
print(f\"post-fix findings on the same three files: {len(violations)} (expected 0)\")
"
cwd: /home/ubuntu/think-free
------------------------------------------------------------------------------
PRE-FIX DECISIONS-GATING.md:200: unresolved conflict block; terminator on line 207
PRE-FIX DECISIONS-GATING.md:211: conflict terminator with no open block
PRE-FIX FAILURES-findings-2.md:142: unresolved conflict block; terminator on line 202
PRE-FIX FAILURES.md:37: unresolved conflict block; terminator on line 40
pre-fix findings: 4 (expected 4, exit 0 only if the rule fires)
post-fix findings on the same three files: 0 (expected 0)
------------------------------------------------------------------------------
exit: 0  duration_ms: 298  redactions: none
==============================================================================
[seq 7] 2026-10-03T22:56:53+00:00
$ bash -c PYTHONPATH=tools:tests python3 -m unittest discover -s tests -t tests 2>&1 | tail -4; echo "--- session verify ---"; tools/origin session verify; echo "verify exit=$?"
cwd: /home/ubuntu/think-free
------------------------------------------------------------------------------

OK
T-0001   open       -              T-0001-listed.md
T-0001   open       -              T-0001-listed.md
--- session verify ---
session verify: 37 session(s) checked
  note  2026-10-03-037-repair-the-three-mission-records-corrupt: in progress (command)
session verify: OK
verify exit=0
------------------------------------------------------------------------------
exit: 0  duration_ms: 98479  redactions: none
==============================================================================
[seq 8] 2026-10-03T23:03:01+00:00
$ bash -c PYTHONPATH=tools:tests python3 -m unittest discover -s tests -t tests 2>&1 | tail -4; echo "--- gates ---"; tools/origin doc lint --quiet; echo "doc lint exit=$?"; tools/origin session verify >/dev/null; echo "session verify exit=$?"; tools/origin skills check >/dev/null; echo "skills check exit=$?"; tools/origin skills verify >/dev/null; echo "skills verify exit=$?"
cwd: /home/ubuntu/think-free
------------------------------------------------------------------------------

OK
T-0001   open       -              T-0001-listed.md
T-0001   open       -              T-0001-listed.md
--- gates ---
doc lint exit=0
session verify exit=0
skills check exit=0
skills verify exit=0
------------------------------------------------------------------------------
exit: 0  duration_ms: 102217  redactions: none
==============================================================================
[seq 11] 2026-10-03T23:08:18+00:00
$ tools/origin task verify T-0021
cwd: /home/ubuntu/think-free
------------------------------------------------------------------------------
T-0021: `PYTHONPATH=tools:tests python3 -m unittest discover -s tests -t tests && tools/origin doc lint && tools/origin session verify` -> exit 0 in 99.79s
------------------------------------------------------------------------------
exit: 0  duration_ms: 100109  redactions: none
