[![Brave logo](https://cdn.search.brave.com/serp/v3/_app/immutable/assets/brave-logo-light.D0nx3pfh.svg "Brave Search") ![Brave logo](https://cdn.search.brave.com/serp/v3/_app/immutable/assets/brave-logo-dark.5D16vJCY.svg "Brave Search") ![Brave logo](https://cdn.search.brave.com/serp/v3/_app/immutable/assets/brave-logo-small.Bdzj7Bzm.svg "Brave Search")](/)

[![Brave logo](https://cdn.search.brave.com/serp/v3/_app/immutable/assets/brave-logo-small.Bdzj7Bzm.svg "Brave Search")](/)

[](/settings)

- [Ask](/ask?q=immutable+Linux+distribution+broad+hardware+support&source=web)

- [All](/search?q=immutable+Linux+distribution+broad+hardware+support&source=web)

- [Images](/images?q=immutable+Linux+distribution+broad+hardware+support&source=web)

- [News](/news?q=immutable+Linux+distribution+broad+hardware+support&source=web)

- [Videos](/videos?q=immutable+Linux+distribution+broad+hardware+support&source=web)

- [Maps](/maps/search?q=immutable+Linux+distribution+broad+hardware+support&source=web)

- [Goggles](/goggles?q=immutable+Linux+distribution+broad+hardware+support&source=web)

More

[](https://linuxbsdos.com/2025/05/04/9-atomic-or-immutable-linux-distributions/)

![🌐](https://imgs.search.brave.com/LbL4W5n5fgZO2X0Ut9zdoPqMOdP-HYoNdF-1j-7W5_w/rs:fit:32:32:1:0/g:ce/aHR0cDovL2Zhdmlj/b25zLnNlYXJjaC5i/cmF2ZS5jb20vaWNv/bnMvZjAyMzk3MjMx/ZmJiMzE4NGFjODc3/YzUwMmMwOTM2NzZi/NzAwYzdlNzQxNzk2/M2FhN2Q2Y2ZhMmVl/NmU0MzA3ZC9saW51/eGJzZG9zLmNvbS8)

LinuxBSDos

linuxbsdos.com › 2025 › 05 › 04 › 9-atomic-or-immutable-linux-distributions

9 of the best atomic or immutable Linux distributions in 2025

May 4, 2025 \- Unlike other immutable Linux distros ... Linux desktop distribution. It enjoys a wide range of hardware support, including **32-bit ARM, 64-bit ARM, 64-bit Intel/AMD, and RISC-V architectures**....

[](https://umatechnology.org/12-future-proof-immutable-linux-distributions/)

![🌐](https://imgs.search.brave.com/SOgv-q_Rc1j4MgTggvwTWiIatgQnzPyZBKYz0j2uaOw/rs:fit:32:32:1:0/g:ce/aHR0cDovL2Zhdmlj/b25zLnNlYXJjaC5i/cmF2ZS5jb20vaWNv/bnMvM2Y0N2IxMmM0/OGYwNWZlYTBlNzEy/ZjQ2NWY5ZTMwMjM4/Mzg0N2ExMzUxYjE4/NTI5MTkzYTg5ZjAw/NzdkNzQ4MC91bWF0/ZWNobm9sb2d5Lm9y/Zy8)

UMA Technology

umatechnology.org › home › 12 future-proof immutable linux distributions

12 Future-Proof Immutable Linux Distributions \- UMA Technology

January 29, 2025 \- Wide Compatibility: **Ubuntu Core** supports a range of hardware, making it versatile for various IoT devices. Use Cases: **Ubuntu Core** is perfect for IoT developers and organizations looking to deploy applications across a wide array of devices securely. Overview: Developed by Intel, Clear Linux ...

Discussions

---

Best Immutable Linux Distro for Home?

![🌐](https://imgs.search.brave.com/U-eHNCapRHVNWWCVPPMTIvOofZULh0_A_FQKe8xTE4I/rs:fit:32:32:1:0/g:ce/aHR0cDovL2Zhdmlj/b25zLnNlYXJjaC5i/cmF2ZS5jb20vaWNv/bnMvN2ZiNTU0M2Nj/MTFhZjRiYWViZDlk/MjJiMjBjMzFjMDRk/Y2IzYWI0MGI0MjVk/OGY5NzQzOGQ5NzQ5/NWJhMWI0NC93d3cu/cmVkZGl0LmNvbS8) r/DistroHopping

40

21

July 31, 2024

What's an 'immutable' distro? I keep seeing the term but no idea what it means.

![🌐](https://imgs.search.brave.com/U-eHNCapRHVNWWCVPPMTIvOofZULh0_A_FQKe8xTE4I/rs:fit:32:32:1:0/g:ce/aHR0cDovL2Zhdmlj/b25zLnNlYXJjaC5i/cmF2ZS5jb20vaWNv/bnMvN2ZiNTU0M2Nj/MTFhZjRiYWViZDlk/MjJiMjBjMzFjMDRk/Y2IzYWI0MGI0MjVk/OGY5NzQzOGQ5NzQ5/NWJhMWI0NC93d3cu/cmVkZGl0LmNvbS8) r/linuxquestions

29

12

July 19, 2024

what is the best distro for long term use? : r/linuxquestions

![🌐](https://imgs.search.brave.com/U-eHNCapRHVNWWCVPPMTIvOofZULh0_A_FQKe8xTE4I/rs:fit:32:32:1:0/g:ce/aHR0cDovL2Zhdmlj/b25zLnNlYXJjaC5i/cmF2ZS5jb20vaWNv/bnMvN2ZiNTU0M2Nj/MTFhZjRiYWViZDlk/MjJiMjBjMzFjMDRk/Y2IzYWI0MGI0MjVk/OGY5NzQzOGQ5NzQ5/NWJhMWI0NC93d3cu/cmVkZGl0LmNvbS8) r/linuxquestions

What are the \*dis\*advantages of an immutable distro?

![🌐](https://imgs.search.brave.com/U-eHNCapRHVNWWCVPPMTIvOofZULh0_A_FQKe8xTE4I/rs:fit:32:32:1:0/g:ce/aHR0cDovL2Zhdmlj/b25zLnNlYXJjaC5i/cmF2ZS5jb20vaWNv/bnMvN2ZiNTU0M2Nj/MTFhZjRiYWViZDlk/MjJiMjBjMzFjMDRk/Y2IzYWI0MGI0MjVk/OGY5NzQzOGQ5NzQ5/NWJhMWI0NC93d3cu/cmVkZGl0LmNvbS8) r/linux4noobs

12

13

September 22, 2023

Show more

[](/help/discussions)

People also ask

---

Can you install software on an immutable Linux distribution?

Are immutable Linux distributions more secure?

Does immutable Linux mean you cannot change configuration files?

Videos

[](https://www.youtube.com/watch?v=lhZF_QzNiss)

![](https://imgs.search.brave.com/KgiSity1W7w-Ae5byEJzlVdBeoDr5Xn35-mcvSR8JYw/rs:fit:200:200:1:0/g:ce/aHR0cHM6Ly9pLnl0/aW1nLmNvbS92aS85/eHAxWFdtSl9Xby9t/YXhyZXNkZWZhdWx0/LmpwZz9zcXA9LW9h/eW13RW1DSUFLRU5B/RjhxdUtxUU1hOEFF/Qi1BSC1DWUFDMEFX/S0Fnd0lBQkFCR0dV/Z1pTaGxNQTg9JmFt/cDtycz1BT240Q0xB/czlZdW5obUNadk5D/VVhZX2x4U293TFZm/dlZB)

![🌐](https://imgs.search.brave.com/Wg4wjE5SHAargkzePU3eSLmWgVz84BEZk1SjSglJK_U/rs:fit:32:32:1:0/g:ce/aHR0cHM6Ly9pLnl0/aW1nLmNvbS92aS85/eHAxWFdtSl9Xby9t/YXhyZXNkZWZhdWx0/LmpwZz9zcXA9LW9h/eW13RW1DSUFLRU5B/RjhxdUtxUU1hOEFF/Qi1BSC1DWUFDMEFX/S0Fnd0lBQkFCR0dV/Z1pTaGxNQTg9JmFt/cDtycz1BT240Q0xB/czlZdW5obUNadk5D/VVhZX2x4U293TFZm/dlZB) youtube.com

Immutable Linux Explained: The Future of Linux Desktops?

[](https://www.youtube.com/watch?v=F-2DwVe4vkc)

![](https://imgs.search.brave.com/fI-FX74tsj0xKD2xHtsOPv-QeGqkRD5drEdPzL6gn4Y/rs:fit:200:200:1:0/g:ce/aHR0cHM6Ly9pLnl0/aW1nLmNvbS92aS9G/LTJEd1ZlNHZrYy9t/YXhyZXNkZWZhdWx0/LmpwZw)

12:29

![🌐](https://imgs.search.brave.com/Wg4wjE5SHAargkzePU3eSLmWgVz84BEZk1SjSglJK_U/rs:fit:32:32:1:0/g:ce/aHR0cHM6Ly9pLnl0/aW1nLmNvbS92aS85/eHAxWFdtSl9Xby9t/YXhyZXNkZWZhdWx0/LmpwZz9zcXA9LW9h/eW13RW1DSUFLRU5B/RjhxdUtxUU1hOEFF/Qi1BSC1DWUFDMEFX/S0Fnd0lBQkFCR0dV/Z1pTaGxNQTg9JmFt/cDtycz1BT240Q0xB/czlZdW5obUNadk5D/VVhZX2x4U293TFZm/dlZB) YouTube

What Is an Immutable Linux Distro? (And Should You Use One?) \- YouTube

April 23, 2026

[](https://www.youtube.com/watch?v=PXA-bTlvfFo)

![](https://imgs.search.brave.com/Mdv9ZNmB3gSICybGNBoSF8PsumVfTJYjPLacuGNc1Zo/rs:fit:200:200:1:0/g:ce/aHR0cHM6Ly9pLnl0/aW1nLmNvbS92aS9Q/WEEtYlRsdmZGby9t/YXhyZXNkZWZhdWx0/LmpwZw)

09:37

![🌐](https://imgs.search.brave.com/Wg4wjE5SHAargkzePU3eSLmWgVz84BEZk1SjSglJK_U/rs:fit:32:32:1:0/g:ce/aHR0cHM6Ly9pLnl0/aW1nLmNvbS92aS85/eHAxWFdtSl9Xby9t/YXhyZXNkZWZhdWx0/LmpwZz9zcXA9LW9h/eW13RW1DSUFLRU5B/RjhxdUtxUU1hOEFF/Qi1BSC1DWUFDMEFX/S0Fnd0lBQkFCR0dV/Z1pTaGxNQTg9JmFt/cDtycz1BT240Q0xB/czlZdW5obUNadk5D/VVhZX2x4U293TFZm/dlZB) YouTube

Immutable Linux: Pros and Cons \- YouTube

October 8, 2025

[](https://www.youtube.com/watch?v=JfTL0p8Ogz8)

![](https://imgs.search.brave.com/ukCzfObXm-rqQjzq3RMbx5jSM5K-8GBzoV4usYJ1nvg/rs:fit:200:200:1:0/g:ce/aHR0cHM6Ly9pLnl0/aW1nLmNvbS92aS9K/ZlRMMHA4T2d6OC9t/YXhyZXNkZWZhdWx0/LmpwZw)

05:36

![🌐](https://imgs.search.brave.com/Wg4wjE5SHAargkzePU3eSLmWgVz84BEZk1SjSglJK_U/rs:fit:32:32:1:0/g:ce/aHR0cHM6Ly9pLnl0/aW1nLmNvbS92aS85/eHAxWFdtSl9Xby9t/YXhyZXNkZWZhdWx0/LmpwZz9zcXA9LW9h/eW13RW1DSUFLRU5B/RjhxdUtxUU1hOEFF/Qi1BSC1DWUFDMEFX/S0Fnd0lBQkFCR0dV/Z1pTaGxNQTg9JmFt/cDtycz1BT240Q0xB/czlZdW5obUNadk5D/VVhZX2x4U293TFZm/dlZB) YouTube

Why 99% Of Beginners Choose The WRONG Linux Distro \#ImmutableV...

August 23, 2025

[](https://www.youtube.com/watch?v=ZAuKjD7Ny6I&vl=en-US)

![](https://imgs.search.brave.com/Kr9fY7HcAwBYWDnUHPpKfaITj9WJkgW2LQzHIFavBFk/rs:fit:200:200:1:0/g:ce/aHR0cHM6Ly9pLnl0/aW1nLmNvbS92aS9a/QXVLakQ3Tnk2SS9t/YXhyZXNkZWZhdWx0/LmpwZw)

09:34

![🌐](https://imgs.search.brave.com/Wg4wjE5SHAargkzePU3eSLmWgVz84BEZk1SjSglJK_U/rs:fit:32:32:1:0/g:ce/aHR0cHM6Ly9pLnl0/aW1nLmNvbS92aS85/eHAxWFdtSl9Xby9t/YXhyZXNkZWZhdWx0/LmpwZz9zcXA9LW9h/eW13RW1DSUFLRU5B/RjhxdUtxUU1hOEFF/Qi1BSC1DWUFDMEFX/S0Fnd0lBQkFCR0dV/Z1pTaGxNQTg9JmFt/cDtycz1BT240Q0xB/czlZdW5obUNadk5D/VVhZX2x4U293TFZm/dlZB) YouTube

Immutable Linux in 2026: Fedora, Bazzite, NixOS & bootc \- YouTube

March 4, 2026

[View all](/videos?q=immutable%20Linux%20distribution%20broad%20hardware%20support&source=vcluster)

[ View all](/videos?q=immutable%20Linux%20distribution%20broad%20hardware%20support&source=vcluster)

[](https://linuxbasecamp.com/distros/best-for-immutable)

![🌐](https://imgs.search.brave.com/P2-Gaz_pKOhKmVvnYzRzoegKF91ptoMpXRuZvcEvRnU/rs:fit:32:32:1:0/g:ce/aHR0cDovL2Zhdmlj/b25zLnNlYXJjaC5i/cmF2ZS5jb20vaWNv/bnMvNGU5Yzg4YTA1/OThhYjFiN2IzZTg1/ZDJiYTA5ZWY5ODZh/NzY5YjliYmFlMDVk/OTU0NjE4MTZmZDhm/MGRjZDU4MS9saW51/eGJhc2VjYW1wLmNv/bS8)

Linux Basecamp

linuxbasecamp.com › distros › best-for-immutable

Best Immutable Linux Distros \| Linux Basecamp

Immutable Linux distributions use a read-only root filesystem. Updates are applied atomically, the whole system image is replaced at once, making rollbacks easy and the OS state predictable. They represent a modern approach to desktop Linux. We rank distros by real-world fit for each use case: community size and documentation, driver and hardware support, how actively the project is maintained, and how smoothly it installs out of the box.

[![](https://imgs.search.brave.com/3A1u66sz6b6dxig8CwB5N29yaLpgVSYVK9mzZ-EOGLs/rs:fit:200:200:1:0/g:ce/aHR0cHM6Ly9saW51/eGJhc2VjYW1wLmNv/bS9vZy9iZXN0LWZv/ci9pbW11dGFibGU)](https://linuxbasecamp.com/distros/best-for-immutable)

[![](https://imgs.search.brave.com/3A1u66sz6b6dxig8CwB5N29yaLpgVSYVK9mzZ-EOGLs/rs:fit:200:200:1:0/g:ce/aHR0cHM6Ly9saW51/eGJhc2VjYW1wLmNv/bS9vZy9iZXN0LWZv/ci9pbW11dGFibGU)](https://linuxbasecamp.com/distros/best-for-immutable)

[](https://kairos.io/blog/2023/03/22/understanding-immutable-linux-os-benefits-architecture-and-challenges/)

![🌐](https://imgs.search.brave.com/ScmljtVjY9q2aSa4O5m7MUi5omJtUPI5q3z3W6JFXUI/rs:fit:32:32:1:0/g:ce/aHR0cDovL2Zhdmlj/b25zLnNlYXJjaC5i/cmF2ZS5jb20vaWNv/bnMvZGM4Y2RkNTNl/NjQ0OTRiMTk5YjIw/ZDUyZTkzMTIwMGRl/NjJiNzdlZTY5YTE1/MjZiMDMwMDhjZjU0/MGNiYTViNy9rYWly/b3MuaW8v)

Kairos

kairos.io › blog › 2023 › 03 › 22 › understanding-immutable-linux-os-benefits-architecture-and-challenges

Understanding Immutable Linux OS: Benefits, Architecture, and Challenges \| Kairos

March 22, 2023 \- To put it simply, Kairos can be deployed on bare-metal hardware, and it provides robust support for hardware deployment. (Author note) As I dislike marketing buzzwords, I prefer to describe the Edge as the last-mile of computing. It involves a dedicated hardware that needs to be controlled by the Cloud in some way, such as a small server running Kubernetes, performing measurements and communicating with the Cloud. The term "Edge" is a broad, generic term that encompasses various computing scenarios, such as near-edge and far-edge computing, each with its own specialized deployment solution.

[![](https://imgs.search.brave.com/CmQRcnpteGl34rfsV3R2X34n2oqi-m1ZtQe8YeSfOo8/rs:fit:200:200:1:0/g:ce/aHR0cHM6Ly9rYWly/b3MuaW8vaW1nL0th/aXJvc184MDB4NDE5/LnBuZw)](https://kairos.io/blog/2023/03/22/understanding-immutable-linux-os-benefits-architecture-and-challenges/)

[![](https://imgs.search.brave.com/CmQRcnpteGl34rfsV3R2X34n2oqi-m1ZtQe8YeSfOo8/rs:fit:200:200:1:0/g:ce/aHR0cHM6Ly9rYWly/b3MuaW8vaW1nL0th/aXJvc184MDB4NDE5/LnBuZw)](https://kairos.io/blog/2023/03/22/understanding-immutable-linux-os-benefits-architecture-and-challenges/)

[](https://itsfoss.com/immutable-linux-distros/)

![🌐](https://imgs.search.brave.com/ukQ1ofLBrVw0TS-h65_fK9Jq6aMU2ZDgw-xpwkpEvco/rs:fit:32:32:1:0/g:ce/aHR0cDovL2Zhdmlj/b25zLnNlYXJjaC5i/cmF2ZS5jb20vaWNv/bnMvM2YzY2NhZTUx/NDg4MGUwZTkxZjNk/YWYzYjYxM2EzYThi/NTc3ZDliMmMyZGI5/NDBhMGVhNDE2YjFj/MDRlNjIyZC9pdHNm/b3NzLmNvbS8)

It's FOSS

itsfoss.com › immutable-linux-distros

12 Future-Proof Immutable Linux Distributions

January 3, 2024 \- Endless OS is a Linux distribution based on Debian. Unlike any other Debian-based distro (say, Ubuntu), Endless OS features a robust design with immutability at its heart to ensure updating a package does not break the system. Nitrux is a Debian-based distribution with a unique approach to things, along with the support for atomic upgrades (making it an immutable option).

[![](https://imgs.search.brave.com/FV8GTnA4FV9IpvXnOF18mHX3QG6T0JkOQQxYHhnuQ_8/rs:fit:200:200:1:0/g:ce/aHR0cHM6Ly9pdHNm/b3NzLmNvbS9jb250/ZW50L2ltYWdlcy8y/MDIzLzAzL2xpc3Qt/b2YtaW1tdXRhYmxl/LWxpbnV4LWRpc3Ry/b3MtLTEtLnBuZw)](https://itsfoss.com/immutable-linux-distros/)

[![](https://imgs.search.brave.com/FV8GTnA4FV9IpvXnOF18mHX3QG6T0JkOQQxYHhnuQ_8/rs:fit:200:200:1:0/g:ce/aHR0cHM6Ly9pdHNm/b3NzLmNvbS9jb250/ZW50L2ltYWdlcy8y/MDIzLzAzL2xpc3Qt/b2YtaW1tdXRhYmxl/LWxpbnV4LWRpc3Ry/b3MtLTEtLnBuZw)](https://itsfoss.com/immutable-linux-distros/)

[](https://www.itechguides.com/12-future-proof-immutable-linux-distributions/)

![🌐](https://imgs.search.brave.com/web1a9yiN25SN7P_ykV82Rkfc2-XxvgrSrQhB9VfLIo/rs:fit:32:32:1:0/g:ce/aHR0cDovL2Zhdmlj/b25zLnNlYXJjaC5i/cmF2ZS5jb20vaWNv/bnMvOWE2MjBlNzNm/MzkxOWY2MjVjYTA0/NGQwYjU2OTNhZGZh/ODczMjBhMmVjNDg0/NzZlMTkwZjJjMWRj/YmM5NDYzMy93d3cu/aXRlY2hndWlkZXMu/Y29tLw)

Itechguides

itechguides.com › home › product reviews › laptop reviews › 12 future-proof immutable linux distributions

12 Future-Proof Immutable Linux Distributions

August 8, 2026 \- Compare 12 immutable and image-based Linux distributions, including **Fedora Atomic Desktops, Bluefin, Aurora, Bazzite, Ubuntu Core, NixOS and Vanilla OS**.

[](https://www.reddit.com/r/DistroHopping/comments/1egajsw/best_immutable_linux_distro_for_home/)

![🌐](https://imgs.search.brave.com/U-eHNCapRHVNWWCVPPMTIvOofZULh0_A_FQKe8xTE4I/rs:fit:32:32:1:0/g:ce/aHR0cDovL2Zhdmlj/b25zLnNlYXJjaC5i/cmF2ZS5jb20vaWNv/bnMvN2ZiNTU0M2Nj/MTFhZjRiYWViZDlk/MjJiMjBjMzFjMDRk/Y2IzYWI0MGI0MjVk/OGY5NzQzOGQ5NzQ5/NWJhMWI0NC93d3cu/cmVkZGl0LmNvbS8)

Reddit

reddit.com › r/distrohopping › best immutable linux distro for home?

r/DistroHopping on Reddit: Best Immutable Linux Distro for Home?

July 31, 2024 \-

Hey guys. I've been using Linux since 2011. I don't know if this is the right place to post this, so please help me out. Please direct me to the right subreddit.

[](https://macmyths.com/12-future-proof-immutable-linux-distributions/)

![🌐](https://imgs.search.brave.com/eUmDczcjqYZMKvg8U-SwfTEhWduKRxAxGdmvOhcQiX0/rs:fit:32:32:1:0/g:ce/aHR0cDovL2Zhdmlj/b25zLnNlYXJjaC5i/cmF2ZS5jb20vaWNv/bnMvYzVjYTQ1Yzc2/M2I1NWVmZmJlZjBm/YWExYjk1NjdlZWE4/NDgwYTk1ZDE4OWQw/Y2ZmN2Y5NjcyZWYw/YWI1ODRlNS9tYWNt/eXRocy5jb20v)

MacMyths

macmyths.com › home › 12 future-proof immutable linux distributions

12 Future-Proof Immutable Linux Distributions

August 8, 2026 \- Hardware and desktop fit: **GNOME, KDE Plasma, Sway, Budgie and COSMIC** suit different workflows and graphics hardware. Project scope: An official Fedora edition, a community image and an appliance-oriented operating system have different support expectations. The following list separates those ...

[](https://distrowatch.com/search.php?category=Immutable)

![🌐](https://imgs.search.brave.com/A5cwUfhmBpBYmeKZAlg-CfYaj7SL8P6SHSrBBV33R9E/rs:fit:32:32:1:0/g:ce/aHR0cDovL2Zhdmlj/b25zLnNlYXJjaC5i/cmF2ZS5jb20vaWNv/bnMvYTE4MjQ0NDc0/YWFlOGE1ZjcyNTVh/OWI5NGI1Y2I2MzZh/NDEwYTk3Y2I0MTMw/MzE3YWVmYmFhNDlm/MDRlYTRmNS9kaXN0/cm93YXRjaC5jb20v)

DistroWatch

distrowatch.com › search.php

DistroWatch.com: Put the fun back into computing. Use Linux, BSD.

[](https://www.linuxfordevices.com/tutorials/linux/immutable-linux-distributions)

![🌐](https://imgs.search.brave.com/UdV2FQXnnhFkYw-XkOXhFhc4ypC65HkAwtdEdciva_c/rs:fit:32:32:1:0/g:ce/aHR0cDovL2Zhdmlj/b25zLnNlYXJjaC5i/cmF2ZS5jb20vaWNv/bnMvZWQ4MjRlODc4/ZmMyMDc4MTA4OGZj/YmZkZTBiMDhkOTNm/ZTA0Njk5MjZlZTZj/NzAwNWVhNDg3YWI1/ZGU4NWVmOS93d3cu/bGludXhmb3JkZXZp/Y2VzLmNvbS8)

LinuxForDevices

linuxfordevices.com › home › immutable linux distributions: how atomic desktops work and who they suit

[](https://www.reddit.com/r/linuxquestions/comments/1e7i34i/whats_an_immutable_distro_i_keep_seeing_the_term/)

![🌐](https://imgs.search.brave.com/U-eHNCapRHVNWWCVPPMTIvOofZULh0_A_FQKe8xTE4I/rs:fit:32:32:1:0/g:ce/aHR0cDovL2Zhdmlj/b25zLnNlYXJjaC5i/cmF2ZS5jb20vaWNv/bnMvN2ZiNTU0M2Nj/MTFhZjRiYWViZDlk/MjJiMjBjMzFjMDRk/Y2IzYWI0MGI0MjVk/OGY5NzQzOGQ5NzQ5/NWJhMWI0NC93d3cu/cmVkZGl0LmNvbS8)

Reddit

[](https://www.fosslinux.com/137025/best-future-proof-immutable-linux-distributions.htm)

![🌐](https://imgs.search.brave.com/3x5tHeeQtQhMu87STBN-tsRLtYNS9FgX9PcbaFxdtwk/rs:fit:32:32:1:0/g:ce/aHR0cHM6Ly9pLnl0/aW1nLmNvbS92aS85/eHAxWFdtSl9Xby9t/YXhyZXNkZWZhdWx0/LmpwZz9zcXA9LW9h/eW13RW1DSUFLRU5B/RjhxdUtxUU1hOEFF/Qi1BSC1DWUFDMEFX/S0Fnd0lBQkFCR0dV/Z1pTaGxNQTg9JmFt/cDtycz1BT240Q0xB/czlZdW5obUNadk5D/VVhZX2x4U293TFZm/dlZB)

FOSS Linux

[](https://linuxblog.io/immutable-linux-distros-are-they-right-for-you-take-the-test/)

![🌐](https://imgs.search.brave.com/pFNtFl3HUm-8oHtPUhoII51jmfnjmeaWRyFWihclNNU/rs:fit:32:32:1:0/g:ce/aHR0cHM6Ly9saW51/eGJsb2cuaW8v)

LinuxBlog

[](https://en.ubunlog.com/The-best-immutable-Ubuntu-based-distributions-are-few-and-far-between--to-be-honest./)

[](https://www.makeuseof.com/best-immutable-linux-distros/)

![🌐](https://imgs.search.brave.com/TJR3Ly_o_KY6OI5JPdQ3NqId9smU3llizIwL0lXeVcw/rs:fit:32:32:1:0/g:ce/aHR0cDovL2Zhdmlj/b25zLnNlYXJjaC5i/cmF2ZS5jb20vaWNv/bnMvZTUzNWU1MDMz/ZmVlMDNhNjA3N2Vj/MjM5NTU0ZWMxNGNm/NGE2MGMyNTRlZjEw/ZTVlNzcwNjY5ZDc2/ZjJiOTkyZi93d3cu/bWFrZXVzZW9mLmNv/bS8)

MakeUseOf

[](https://justingarrison.com/blog/state-of-immutable-linux/)

![🌐](https://imgs.search.brave.com/PNoCElPxKBCZjqDcOVni5Ifxtg7sh32RfX4o5lpdnfc/rs:fit:32:32:1:0/g:ce/aHR0cHM6Ly9qdXN0/aW5nYXJyaXNvbi5j/b20v)

Justin Garrison

[](https://news.tuxmachines.org/n/2025/05/05/9_of_the_best_atomic_or_immutable_Linux_distributions.shtml)

![🌐](https://imgs.search.brave.com/Vge7CEKILoQQTGmuR1n7nRAdq_Bo3jNuIW2DRu9NeY0/rs:fit:32:32:1:0/g:ce/aHR0cHM6Ly9uZXdz/LnR1eG1hY2hpbmVz/Lm9yZy8)

Tux Machines

[](https://www.zdnet.com/article/aurora-linux-immutable-distro-review/)

![🌐](https://imgs.search.brave.com/49EG-_7E3hdLwvD7Fo0DqwpJMwiQqiAvRPYINFfkccg/rs:fit:32:32:1:0/g:ce/aHR0cHM6Ly93d3cu/emRuZXQuY29tLw)

ZDNET

[](https://ubuntu.com/blog/ubuntu-core-an-immutable-linux-desktop)

![🌐](https://imgs.search.brave.com/mYBKGLBsW5afR7wY1yjyJV9gaLeZ7AZaZm4BSrz8pJ0/rs:fit:32:32:1:0/g:ce/aHR0cHM6Ly9rdWJ1/bnR1LmNvbS8)

Ubuntu

[](https://www.techbloat.com/12-future-proof-immutable-linux-distributions.html)

![🌐](https://imgs.search.brave.com/y6Cf3EOr6Qg9lF98g-_ApuvpIt7wo4nFdvCN6H49-_o/rs:fit:32:32:1:0/g:ce/aHR0cHM6Ly93d3cu/dGVjaGJsb2F0LmNv/bS8)

TechBloat

Related queries

[](/search?q=best%20immutable%20linux%20distro&source=relatedQueries)

best immutable **linux** **distro**
