[![Brave logo](https://cdn.search.brave.com/serp/v3/_app/immutable/assets/brave-logo-light.D0nx3pfh.svg "Brave Search") ![Brave logo](https://cdn.search.brave.com/serp/v3/_app/immutable/assets/brave-logo-dark.5D16vJCY.svg "Brave Search") ![Brave logo](https://cdn.search.brave.com/serp/v3/_app/immutable/assets/brave-logo-small.Bdzj7Bzm.svg "Brave Search")](/)

[![Brave logo](https://cdn.search.brave.com/serp/v3/_app/immutable/assets/brave-logo-small.Bdzj7Bzm.svg "Brave Search")](/)

[](/settings)

- [Ask](/ask?q=best+immutable+Linux+distro+Fedora+Silverblue+alternative&source=web)

- [All](/search?q=best+immutable+Linux+distro+Fedora+Silverblue+alternative&source=web)

- [Images](/images?q=best+immutable+Linux+distro+Fedora+Silverblue+alternative&source=web)

- [News](/news?q=best+immutable+Linux+distro+Fedora+Silverblue+alternative&source=web)

- [Videos](/videos?q=best+immutable+Linux+distro+Fedora+Silverblue+alternative&source=web)

- [Maps](/maps/search?q=best+immutable+Linux+distro+Fedora+Silverblue+alternative&source=web)

- [Goggles](/goggles?q=best+immutable+Linux+distro+Fedora+Silverblue+alternative&source=web)

More

[](https://www.reddit.com/r/Fedora/comments/1gekvx0/is_fedora_silverblue_the_best_immutable_linux/)

![🌐](https://imgs.search.brave.com/U-eHNCapRHVNWWCVPPMTIvOofZULh0_A_FQKe8xTE4I/rs:fit:32:32:1:0/g:ce/aHR0cDovL2Zhdmlj/b25zLnNlYXJjaC5i/cmF2ZS5jb20vaWNv/bnMvN2ZiNTU0M2Nj/MTFhZjRiYWViZDlk/MjJiMjBjMzFjMDRk/Y2IzYWI0MGI0MjVk/OGY5NzQzOGQ5NzQ5/NWJhMWI0NC93d3cu/cmVkZGl0LmNvbS8)

Reddit

reddit.com › r/fedora › is fedora silverblue the best immutable linux distribution?

r/Fedora on Reddit: Is Fedora Silverblue the best immutable Linux distribution?

October 31, 2024 \-

As far as I know, it's been around for quite some years, and in my experience with Linux and its community, I can perceive that Silverblue is often the de facto distribution that people talk about, almost as if it was the only one.

I am aware that there are more immutable distributions out there, but delving a bit deeper into them, I usually acknowledge that they mostly make use of BTRFS' snapshot feature instead of a different approach from traditional distributions to manage immutability. What do you think?

[](https://www.reddit.com/r/Fedora/comments/1gekvx0/is_fedora_silverblue_the_best_immutable_linux/)

Top answer

1 of 11

19

Tried Silverblue, cool idea but pain in the ass. Tried Bluefin, omg it makes so much sense!

[](https://www.reddit.com/r/Fedora/comments/1gekvx0/is_fedora_silverblue_the_best_immutable_linux/)

2 of 11

17

That would be SteamOS, unironically.

[](https://linuxbasecamp.com/distros/best-for-immutable)

![🌐](https://imgs.search.brave.com/P2-Gaz_pKOhKmVvnYzRzoegKF91ptoMpXRuZvcEvRnU/rs:fit:32:32:1:0/g:ce/aHR0cHM6Ly9saW51/eGJhc2VjYW1wLmNv/bS8)

Linux Basecamp

linuxbasecamp.com › distros › best-for-immutable

Best Immutable Linux Distros \| Linux Basecamp

Bazzite is built specifically for gaming and is the most beginner-friendly of the group; Fedora Silverblue and its KDE sibling **Fedora Kinoite** are Fedora's general-purpose immutable desktops.

Videos

[](https://www.reddit.com/r/Fedora/comments/1luo3g5/5_biggest_myths_about_fedora_silverblue_you/)

![🌐](https://imgs.search.brave.com/U-eHNCapRHVNWWCVPPMTIvOofZULh0_A_FQKe8xTE4I/rs:fit:32:32:1:0/g:ce/aHR0cDovL2Zhdmlj/b25zLnNlYXJjaC5i/cmF2ZS5jb20vaWNv/bnMvN2ZiNTU0M2Nj/MTFhZjRiYWViZDlk/MjJiMjBjMzFjMDRk/Y2IzYWI0MGI0MjVk/OGY5NzQzOGQ5NzQ5/NWJhMWI0NC93d3cu/cmVkZGl0LmNvbS8) reddit.com

r/Fedora on Reddit: 5 BIGGEST Myths About Fedora Silverblue You ...

July 8, 2025

[](https://www.youtube.com/watch?v=atb-dUbWpHM)

![🌐](https://imgs.search.brave.com/Wg4wjE5SHAargkzePU3eSLmWgVz84BEZk1SjSglJK_U/rs:fit:32:32:1:0/g:ce/aHR0cHM6Ly9pLnl0/aW1nLmNvbS92aS9h/dGItZFViV3BITS9t/eW91dHViZS5jb20v) YouTube

Why I Use an Immutable Linux Distro for Development: Fedora ...

May 2, 2025

[](https://www.youtube.com/watch?v=5w7gG0bMIeI)

![🌐](https://imgs.search.brave.com/Wg4wjE5SHAargkzePU3eSLmWgVz84BEZk1SjSglJK_U/rs:fit:32:32:1:0/g:ce/aHR0cHM6Ly9zdHViZS5jb20v) YouTube

Why Fedora Silverblue Is the Future of Linux | Immutable OS - YouTube

September 12, 2024

[](https://www.youtube.com/watch?v=K-FqVWFh01w)

YouTube

Fedora Silverblue: An Immutable OS - YouTube

April 29, 2021

[](https://www.youtube.com/watch?v=5TjIzUJtF-I)

YouTube

Fedora Silverblue: is this the FUTURE of Linux? \- Project of the ...

July 21, 2020

[](https://www.youtube.com/watch?v=-hpV5l-gJnQ)

YouTube

Let's try Fedora Silverblue — an immutable desktop OS! \- Adam ...

July 16, 2019

[](https://www.opensourcefeed.org/insights/immutable-linux-distros-review/)

![🌐](https://imgs.search.brave.com/c5QhsBYVUSSLPI2VF6fXaH5UnhHTq-ZPjqXS_4hmHmQ/rs:fit:32:32:1:0/g:ce/aHR0cHM6Ly93d3cu/b3BlbnNvdXJjZWZl/ZWQub3JnLw)

OpenSourceFeed

opensourcefeed.org › insights › immutable-linux-distros-review

I ran every major immutable Linux distro for a month \| OpenSourceFeed

August 3, 2026 \- For most people: Fedora Silverblue. It’s the well-trodden path, the docs are good, and when you search an error message you’ll find someone who has already solved it. For people who want it to just work on day one: Bazzite. Drivers done, codecs done, no first-hour terminal ritual. The “gaming distro” label undersells it badly.

[](https://www.fosslinux.com/137025/best-future-proof-immutable-linux-distributions.htm)

![🌐](https://imgs.search.brave.com/3x5tHeeQtQhMu87STBN-tsRLtYNS9FgX9PcbaFxdtwk/rs:fit:32:32:1:0/g:ce/aHR0cHM6Ly93d3cu/Zm9zc2xpbnV4LmNv/bS8)

FOSS Linux

fosslinux.com › home › reviews › best future-proof immutable linux distributions

The 10 Best Immutable Linux Distributions in 2024

May 24, 2026 \- Why it belongs here: Bazzite deserves inclusion...

[](https://linuxblog.io/immutable-linux-distros-are-they-right-for-you-take-the-test/)

![🌐](https://imgs.search.brave.com/pFNtFl3HUm-8oHtPUhoII51jmfnjmeaWRyFWihclNNU/rs:fit:32:32:1:0/g:ce/aHR0cHM6Ly9saW51/eGJsb2cuaW8v)

LinuxBlog

linuxblog.io › home › immutable linux distros: are they right for you? take the test.

Immutable Linux Distros: Are They Right for You? Take the Test. \| LinuxBlog.io

December 20, 2025 \- Bluefin is part of the **Universal Blue** ecosystem...

[](https://www.zdnet.com/article/immutable-linux-delivers-serious-security-here-are-your-5-best-options/)

![🌐](https://imgs.search.brave.com/49EG-_7E3hdLwvD7Fo0DqwpJMwiQqiAvRPYINFfkccg/rs:fit:32:32:1:0/g:ce/aHR0cHM6Ly93d3cu/emRuZXQuY29tLw)

ZDNET

zdnet.com › tech › services & software › operating systems › linux › immutable linux delivers serious security – here are your 5 best options

Immutable Linux delivers serious security \- here are your 5 best options \- ZDNET

October 15, 2025 \- Like carbonOS and Fedora Silverblue, **VanillaOS** is a general-purpose operating system...

[](https://www.reddit.com/r/DistroHopping/comments/1egajsw/best_immutable_linux_distro_for_home/)

![🌐](https://imgs.search.brave.com/U-eHNCapRHVNWWCVPPMTIvOofZULh0_A_FQKe8xTE4I/rs:fit:32:32:1:0/g:ce/aHR0cDovL2Zhdmlj/b25zLnNlYXJjaC5i/cmF2ZS5jb20vaWNv/bnMvN2ZiNTU0M2Nj/MTFhZjRiYWViZDlk/MjJiMjBjMzFjMDRk/Y2IzYWI0MGI0MjVk/OGY5NzQzOGQ5NzQ5/NWJhMWI0NC93d3cu/cmVkZGl0LmNvbS8)

Reddit

reddit.com › r/distrohopping › best immutable linux distro for home?

r/DistroHopping on Reddit: Best Immutable Linux Distro for Home?

July 31, 2024 \-

Hey guys. I've been using Linux since 2011\...

[](https://www.reddit.com/r/linuxquestions/comments/16ypqv7/to_the_immutable_distro_users_what_do_you_use/)

Reddit

reddit.com › r/linuxquestions › to the immutable distro users; what do you use?

r/linuxquestions on Reddit: To the immutable distro users; what do you use?

October 3, 2023 \-

choose:

[](https://botmonster.com/self-hosting/immutable-linux-distros-fedora-silverblue-nixos-vanilla-os/)

![🌐](https://imgs.search.brave.com/unWFIhBZOnrx4Kd5os-vF9E2Qpltfid8SymvJhzza0s/rs:fit:32:32:1:0/g:ce/aHR0cHM6Ly9ib3Rt/b25zdGVyLmNvbS8)

Botmonster Tech

botmonster.com › home › self-hosting › fedora silverblue, nixos, or vanilla os: which immutable linux holds up?

Fedora Silverblue, NixOS, or Vanilla OS: which immutable Linux holds up? \- Botmonster Tech

July 22, 2026 \- The Universal Blue project builds custom images on top of **Fedora Atomic Desktop**s...

[](https://www.howtogeek.com/these-immutable-linux-distros-solve-problems-windows-users-dont-even-know-they-have/)

![🌐](https://imgs.search.brave.com/UMGMmD7pTR5TCehF92a-y-LaZ2zRG0N26frFG8Dv8wo/rs:fit:32:32:1:0/g:ce/aHR0cHM6Ly9ob3d0/Z2Vlay5jb20v)

How-To Geek

howtogeek.com › home › linux › these 5 immutable linux distros solve problems windows users don’t even know they have

These 5 immutable Linux distros solve problems Windows users don’t even know they have

August 15, 2026 \- Most immutable distros offer separate editions...

[](https://www.reddit.com/r/linuxquestions/comments/1hazis5/what_is_the_best_immutable_linux_distribution/)

Reddit

[](https://itsfoss.com/immutable-linux-distros/)

![🌐](https://imgs.search.brave.com/ukQ1ofLBrVw0TS-h65_fK9Jq6aMU2ZDgw-xpwkpEvco/rs:fit:32:32:1:0/g:ce/aHR0cHM6Ly9pdHNm/b3NzLmNvbS8)

It's FOSS

itsfoss.com › immutable-linux-distros

12 Future-Proof Immutable Linux Distributions

January 3, 2024 \- It takes a Flatpak-first and container-first approach...

[](https://thamizhelango.medium.com/immutable-linux-distributions-fedora-silverblue-vs-nixos-9a56693ebe54)

Medium

thamizhelango.medium.com › immutable-linux-distributions-fedora-silverblue-vs-nixos-9a56693ebe54

Immutable Linux Distributions: Fedora Silverblue vs. NixOS \| by ThamizhElango Natarajan \| Medium

July 17, 2025 \- These systems promise enhanced reliability...

[](https://linuxbsdos.com/2025/05/04/9-atomic-or-immutable-linux-distributions/)

LinuxBSDos

linuxbsdos.com › 2025 › 05 › 04 › 9-atomic-or-immutable-linux-distributions

9 of the best atomic or immutable Linux distributions in 2025

May 4, 2025 \- Fedora Silverblue, which uses GNOME...

[](https://www.reddit.com/r/DistroHopping/comments/105l4s3/fedora_silverblue_and_alternatives/)

Reddit

[](https://www.reddit.com/r/linux/comments/1f6wrkq/immutable_linux_on_the_desktop_is_an_extremely/)

Reddit

[](https://www.reddit.com/r/Fedora/comments/s38f1n/immutable_rhel_alternative_to_silverblue/)

Reddit

[](https://www.zdnet.com/article/fedora-vs-kinoite/)

ZDNET

zdnet.com › tech › services & software › operating systems › linux › fedora kinoite vs. silverblue: my verdict after testing both immutable linux distros

Fedora Kinoite vs. Silverblue: My verdict after testing both immutable Linux distros \- ZDNET

May 13, 2026 \- Silverblue enjoys all of the bells and whistles...

[](https://linuxsecurity.com/news/vendors-products/the-5-best-immutable-rock-solid-linux-distros)

Linux Security

linuxsecurity.com › news › vendors-products › the-5-best-immutable-rock-solid-linux-distros

Discover the Best 5 Immutable Linux Distros for Unmatched Stability

November 12, 2023 \- Add in the ability...

[](https://www.makeuseof.com/best-immutable-linux-distros/)

MakeUseOf

makeuseof.com › home › linux › the 5 best immutable, rock-solid linux distros

The 5 Best Immutable, Rock-Solid Linux Distros

November 11, 2023 \- Fedora Silverblue offers an immutable version...

Related queries

[](/search?q=fedora%20silverblue%20vs%20workstation&source=relatedQueries)

**fedora** **silverblue** **vs** **workstation**

[](/search?q=fedora%20silverblue%20kde&source=relatedQueries)

**fedora** **silverblue** **kde**

[ Next](/search?q=best+immutable+Linux+distro+Fedora+Silverblue+alternative&offset=1&spellcheck=0)

###### Resources

[Brave Search Premium](https://account.brave.com/?intent=checkout&product=search) [Brave Search Help](/help)

###### Products

[Brave Browser](https://brave.com/download/?mtm_source=brave-search&mtm_medium=searchfooter&mtm_campaign=brave-search&mtm_content=evergreen) [Brave Search](https://search.brave.com)

###### Policies

[Privacy Policy](/help/privacy-policy) [Terms of Use](https://brave.com/terms-of-use/)
