Brave Search: OPDS ebook server self hosted

[](https://github.com/dubyte/dir2opds)
GitHub
github.com › dubyte › dir2opds
GitHub - dubyte/dir2opds: Self-hosted OPDS ebook server — turn any folder into a digital library

[](https://www.reddit.com/r/selfhosted/comments/1r44kax/new_opds_server_for_selfhosted_ebook_collections/)
Reddit
reddit.com › r/selfhosted › new opds server for self-hosted ebook collections
r/selfhosted on Reddit: New OPDS server for self-hosted eBook collections
February 13, 2026

[](https://www.reddit.com/r/selfhosted/comments/1k4g4y0/selfhost_your_own_opds_library/)
Reddit
r/selfhosted on Reddit: Self-host your own OPDS library
April 21, 2025

[](https://github.com/DanielPereod/opdshelf)
GitHub
github.com › DanielPereod › opdshelf
GitHub - DanielPereod/opdshelf: A fast, lightweight, and self-hosted OPDS server for your eBook library.

[](https://michalferber.me/2026-01-22-booklore-opds/)
Michalferber
michalferber.me › 2026-01-22-booklore-opds
Building a Personal Digital Library with Booklore and OPDS
January 22, 2026

[](https://github.com/TheJF/alexandria)
GitHub
github.com › TheJF › alexandria
GitHub - jfarseneau/alexandria: A self-hosted, Node-powered ebook library and OPDS server

[](https://www.reddit.com/r/selfhosted/comments/1074dko/ebook_ecosystem/)
Reddit
r/selfhosted on Reddit: eBook ecosystem
January 9, 2023

[](https://itsfoss.com/self-host-ebook-server-software/)
It's FOSS
itsfoss.com › self-host-ebook-server-software
Here Are Your Choices for a Self-hosted eBook Server
February 11, 2026

[](https://noted.lol/stump/)
Noted
noted.lol › stump
Stump: Self Hosted Comics, Manga and Digital Book Server with OPDS Support
February 14, 2025

[](https://alternativeto.net/software/calibre/?platform=self-hosted)
AlternativeTo
alternativeto.net › software › calibre
calibre Alternatives: Top 19 Self-Hosted Ebook & PDF Readers | AlternativeTo
3 weeks ago

[](https://blog.eldrid.ge/2025/03/12/self-hosted-ebook-management/)
Eldridge's Blog
blog.eldrid.ge › 2025 › 03 › 12 › self-hosted-ebook-management
Self-Hosted Ebook Management | Eldridge's Blog

[](https://github.com/topics/opds)
GitHub
github.com › topics › opds
opds · GitHub Topics

[](https://www.devopsschool.com/blog/list-of-top-free-open-source-self-hosted-application-for-document-management-e-books/)
DevOpsSchool.com
List of Top Free Open Source & Self Hosted Application for Document Management – E-books

[](https://www.techedubyte.com/top-open-source-self-hosted-ebook-server-options/)
Tech Edu Byte
techedubyte.com › home › top open source self-hosted ebook server options
Top Open Source Self-Hosted eBook Server Options - Tech Edu Byte
February 13, 2026

[](https://github.com/topics/opds-server)
GitHub
OPDS-server · GitHub Topics

[](https://everreed.app/opds-reader)
EverReed
everreed.app › opds-reader
OPDS Reader for Your Personal Ebook Library — EverReed

[](https://www.reddit.com/r/selfhosted/comments/1g3ahqt/opds_server_recommendation/)
Reddit
r/selfhosted on Reddit: OPDS server recommendation
October 14, 2024

[](https://www.reddit.com/r/selfhosted/comments/1bkf40m/what_do_you_think_is_the_best_way_to_selfhost_an/)
Reddit
r/selfhosted on Reddit: What do you think is the best way to self-host an ebook library?
March 22, 2024

[](https://www.xda-developers.com/this-self-hosted-app-fixed-my-messy-ebook-collection-overnight/)
XDA Developers
xda-developers.com › home › software and services › this self-hosted app fixed my messy ebook collection overnight
This self-hosted app fixed my messy ebook collection overnight
February 16, 2026

[](https://tildes.net/~books/1soy/here_are_your_choices_for_a_self_hosted_ebook_server)
Tildes
tildes.net › ~books › 1soy › here_are_your_choices_for_a_self_hosted_ebook_server
Here are your choices for a self-hosted ebook server - ~books - Tildes
February 13, 2026

Related queries: ubooquity, self hosted password manager, opds self hosted server github, ebook server self-hosted, opds self hosted server reddit, self-hosting website, notion self-hosted, awesome-selfhosted

###### Resources

[Brave Search Premium](https://account.brave.com/?intent=checkout&product=search) [Brave Search Help](/help)

###### Products

[Brave Browser](https://brave.com/download/?mtm_source=brave-search&mtm_medium=searchfooter&mtm_campaign=brave-search&mtm_content=evergreen) [Brave Search](https://search.brave.com)

###### Policies

[Privacy Policy](/help/privacy-policy) [Terms of Use](https://brave.com/terms-of-use/)
