Brave Search: uptime monitoring pricing per monitor cheap

[](https://hetrixtools.com/pricing/uptime-monitor/)
HetrixTools
hetrixtools.com › pricing › uptime-monitor
Uptime Monitor Pricing - HetrixTools

[](https://uptimerobot.com/pricing/)
UptimeRobot
uptimerobot.com › pricing
Plans & Pricing | UptimeRobot
August 10, 2026

Discussions: r/Entrepreneur, r/sysadmin, r/SaaS, r/webdev

People also ask: What is the cheapest uptime monitoring tool that I can actually use? Is free uptime monitoring really free, or are there hidden costs? How does Uptime.com calculate usage limits?

Videos
[](https://www.youtube.com/watch?v=mNQOdtlpl-U)
YouTube
This Website Uptime Monitor + Status Page Helps Me Sleep At Night ...
June 3, 2025

[](https://www.youtube.com/watch?v=sy3CZd0yYxk)
YouTube
Free Uptime Monitor with UptimeKuma!
May 21, 2025

[](https://www.youtube.com/watch?v=eRbflTMeh7s)
YouTube
Checkmate: Free Open Source Uptime Monitoring Platform
March 14, 2025

[](https://www.youtube.com/watch?v=Wf7-UHhPlE4)
YouTube
Uptime Monitoring Arrives in Sentry!
February 11, 2025

[](https://www.youtube.com/watch?v=JB9MPPRUXYE)
YouTube
Uptime Kuma - Open Source Uptime Monitor Tutorial
February 4, 2025

[](https://www.youtube.com/watch?v=tIazVdhsSqQ&pp=ygUMI3VwdGltZWNoZWNr)
YouTube
The BEST Home Server Uptime Monitoring!
May 9, 2023

[](https://visualsentinel.com/blog/best-cheap-uptime-monitoring)
Visual Sentinel
visualsentinel.com › home › blog › best cheap uptime monitoring
Best Cheap Uptime Monitoring 2026 | Visual Sentinel
May 24, 2026

[](https://uptime.com/pricing)
Uptime.com
uptime.com › pricing
Uptime.com | Pricing Plans

[](https://trackdowntime.com/blog/uptime-monitoring-pricing-cost-per-site)
TrackDowntime
trackdowntime.com › home › blog › uptime monitoring pricing: website monitoring pricing and cost per site in 2026
Uptime Monitoring Pricing: Website Monitoring Cost Per Site
2 weeks ago

[](https://notifier.so/guides/cheap-uptime-monitoring/)
Notifier
notifier.so › guides › cheap-uptime-monitoring
Cheap Uptime Monitoring: Best Budget-Friendly Options for 2026
March 14, 2026

[](https://pulsetic.com/pricing/)
Pulsetic
pulsetic.com › pricing
Pricing - Pulsetic

[](https://uptimemonster.com/pricing)
UptimeMonster
uptimemonster.com › home › pricing
Most Affordable Uptime Monitoring Pricing Plans - UptimeMonster
April 30, 2024

[](https://medium.com/@dkjhaj2ee/11-best-uptime-monitoring-tools-in-2026-a-detailed-comparison-for-developers-and-teams-2f7a609ce414)
Medium
medium.com › @dkjhaj2ee › 11-best-uptime-monitoring-tools-in-2026-a-detailed-comparison-for-developers-and-teams-2f7a609ce414
11 Best Uptime Monitoring Tools in 2026...
March 5, 2026

[](https://www.reddit.com/r/Entrepreneur/comments/1l4mu4q/why_uptime_monitors_are_ridiculously_priced/)
Reddit
r/Entrepreneur on Reddit: Why uptime monitors are ridiculously priced?
June 6, 2025

[](https://kurums.com/best-uptime-monitoring-software-2026-comparison/)
Kurums
kurums.com › anasayfa › finance › best uptime monitoring software in 2026: pricing & comparison
Best Uptime Monitoring Software in 2026: Pricing & Comparison
3 weeks ago

[](https://cloud.google.com/stackdriver/pricing)
Google Cloud
cloud.google.com › stackdriver › pricing
Pricing | Google Cloud Observability

[](https://www.stackscored.com/pricing/uptime-monitoring/)
StackScored
stackscored.com › pricing › uptime-monitoring
Uptime Monitor Pricing 2026...
April 21, 2026

[](https://instapods.com/blog/best-uptime-monitoring-tools/)
InstaPods
instapods.com › home › blog › the 7 best uptime monitoring tools in 2026: i tested each
The 7 Best Uptime Monitoring Tools in 2026: I Tested Each
July 13, 2026

[](https://hyperping.com/blog/best-uptime-monitoring-software-for-every-use)
Hyperping
hyperping.com › home › blog › 5 best uptime monitoring tools in 2026
5 Best Uptime Monitoring Tools in 2026
3 weeks ago

[](https://docs.digitalocean.com/products/uptime/details/pricing/)
DigitalOcean
docs.digitalocean.com › pricing
Uptime Pricing | DigitalOcean Documentation
July 13, 2026

[](https://novauptime.com/blog/uptime-monitoring-cost-comparison)
Nova Uptime
novauptime.com › home › blog › guides › uptime tools: total cost compared (6 tools)
Uptime Tools: Total Cost Compared (6 Tools) | Nova Uptime
February 26, 2026

[](https://www.capterra.com/p/10003327/Uptime-Monitor/)
Capterra
capterra.com › home › website monitoring software › uptime monitor
Uptime Monitor Software Pricing, Alternatives & More 2026 | Capterra

[](https://uptimerobot.com/)
UptimeRobot
uptimerobot.com
UptimeRobot: Free Website Monitoring Service

[](https://www.uptrends.com/pricing)
Uptrends
uptrends.com › pricing
Plans & Pricing | Uptrends

Related queries: uptime robot pricing, better uptime, uptime robot, uptime app price, uptime robot monitor down, free uptime monitoring, uptime bot discord, uptime robot alternative

###### Resources

[Brave Search Premium](https://account.brave.com/?intent=checkout&product=search) [Brave Search Help](/help)

###### Products

[Brave Browser](https://brave.com/download/?mtm_source=brave-search&mtm_medium=searchfooter&mtm_campaign=brave-search&mtm_content=evergreen) [Brave Search](https://search.brave.com)

###### Policies

[Privacy Policy](/help/privacy-policy) [Terms of Use](https://brave.com/terms-of-use/)
