Brave Search: fast WebP encoding library large images

[](https://developers.google.com/speed/webp/docs/api)
Google
developers.google.com › webp › webp api documentation
WebP API Documentation | Google for Developers
October 7, 2025 - Developers can leverage these APIs to optimize WebP image compression based on specific quality, size, and speed requirements for their applications...

[](https://github.com/jacklicn/libwebp)
GitHub
github.com › jacklicn › libwebp
GitHub - jacklicn/libwebp: WebP codec: library to encode and decode images in WebP format...

Discussions
- image v0.25.4 brings faster WebP decoding, orientation metadata support, fast blur (r/rust)
- I created a fast WebP converter for web devs (r/webdev)
- Preferred WEBP image quality/compression amount (r/webdev)
- image v0.25: performance improvements, production-ready WebP (r/rust)

People also ask links omitted.

Videos

[](https://www.youtube.com/watch?v=gC0vWgghWr4)
YouTube
WebP Conversion with Intelligence - PixRefiner 3.4 - YouTube
May 20, 2025

[](https://www.youtube.com/watch?v=HcMKQIsuQXw)
YouTube
The Greatest WebP Converter LEVELLED UP - Version 2.1 - YouTube
April 2, 2025

[](https://www.youtube.com/watch?v=Xi4o74zQqhc)
YouTube
Bulk Convert Images to WebP in WordPress to Speed Up WordPress ...
November 20, 2023

[](https://libwebp.com/)
LibWebP
libwebp.com
LibWebP – Download WebP Image Codec Library
Encoding Decoding Compression Animation Support Integration...

[](https://developers.google.com/speed/webp)
Google
developers.google.com › speed › webp
An image format for the Web | WebP | Google for Developers

[](https://groups.google.com/a/webmproject.org/g/webp-discuss/c/WQCHANi6vgw)
Google Groups
groups.google.com › a › webmproject.org › g › webp-discuss › c › WQCHANi6vgw
Webp decode speed

[](https://developers.google.com/speed/webp/docs/cwebp)
Google
developers.google.com › webp › cwebp
cwebp | WebP | Google for Developers

[](https://developers.google.com/speed/webp/docs/webp_lossless_alpha_study?hl=en)
Google
developers.google.com › webp › lossless and transparency encoding in webp
Lossless and Transparency Encoding in WebP | Google for Developers

[](https://github.com/frankodoom/libwebp.net)
GitHub
github.com › frankodoom › libwebp.net
GitHub - frankodoom/libwebp.net: An asynchronous utility for encoding images to Google's .webp format...

[](https://github.com/wapm-packages/libwebp)
GitHub
github.com › wapm-packages › libwebp
GitHub - wapm-packages/libwebp: WebP codec: library to encode and decode images in WebP format...

[](https://medium.com/the-research-nest/experimenting-with-pictowebp-bf3b74adaf71)
Medium
medium.com › the-research-nest › experimenting-with-pictowebp-bf3b74adaf71
Experimenting with PicToWebP. A blazingly fast, lightweight bulk... | by XQ | The Research Nest | Medium
September 15, 2023

[](https://sourceforge.net/projects/webp-codec.mirror/)
SourceForge
sourceforge.net › projects › webp-codec.mirror
WebP Codec download | SourceForge.net
October 12, 2025

[](https://en.wikipedia.org/wiki/WebP)
Wikipedia
en.wikipedia.org › wiki › WebP
WebP - Wikipedia
1 day ago - The reference implementation consists ... library for the decoding, the same as for WebM...

[](https://elementor.com/tools/webp-converter/)
Elementor
elementor.com › home › webp converter
WebP Converter | Free & Fast JPG to WebP & PNG to WebP
November 16, 2025

[](https://groups.google.com/a/webmproject.org/g/webp-discuss/c/mu1RYRAe72A)
Google Groups
groups.google.com › a › webmproject.org › g › webp-discuss › c › mu1RYRAe72A
optimize webp encoding times?

[](https://chromium.googlesource.com/codecs/libwebp2/)
Chromium
chromium.googlesource.com › codecs › libwebp2
WebP 2 - codecs

[](https://github.com/jhuckaby/webp-wasm)
GitHub
github.com › jhuckaby › webp-wasm
GitHub - jhuckaby/webp-wasm: Encode and decode WEBP images using libwebp compiled to WebAssembly.

[](https://xilinx.github.io/Vitis_Libraries/codec/2022.1/guide_L2/kernels/webpEnc.html)
KRS Documentation
xilinx.github.io › Vitis_Libraries › codec › 2022.1 › guide_L2 › kernels › webpEnc.html
WebP Encoder

[](https://developers.google.com/speed/webp/docs/compression)
Google
developers.google.com › webp › compression techniques
Compression Techniques | WebP | Google for Developers

[](https://imagen-ai.com/tools/webp-compressor/)
Imagen
imagen-ai.com › tools › webp-compressor
WebP Compressor - Imagen AI

[](https://www.reddit.com/r/rust/comments/1g6mx4b/image_v0254_brings_faster_webp_decoding/)
Reddit
reddit.com › r/rust › image v0.25.4 brings faster webp decoding, orientation metadata support, fast blur
r/rust on Reddit: image v0.25.4 brings faster WebP decoding...
October 18, 2024

Related queries: libwebp, cwebp, webp viewer download, webp image extensions download, webp codec for windows 7, webp codec for windows 10, webp codec for windows, webp image extensions offline installer

Next

###### Resources

[Brave Search Premium](https://account.brave.com/?intent=checkout&product=search) [Brave Search Help](/help)

###### Products

[Brave Browser](https://brave.com/download/?mtm_source=brave-search&mtm_medium=searchfooter&mtm_campaign=brave-search&mtm_content=evergreen) [Brave Search](https://search.brave.com)

###### Policies

[Privacy Policy](/help/privacy-policy) [Terms of Use](https://brave.com/terms-of-use/)
