Brave Search: webp encoder performance benchmark

[](https://openbenchmarking.org/test/pts/webp)
OpenBenchmarking.org
openbenchmarking.org › test › pts › webp
WebP Image Encode Benchmark - OpenBenchmarking.org

[](https://developers.google.com/speed/webp/docs/webp_study)
Google
developers.google.com › webp › webp compression study
WebP Compression Study | Google for Developers

Discussions: r/rust, r/blender, r/webdev, r/rust

People also ask: What quality setting should I use for WebP and AVIF? Is AVIF better than WebP? When will AVIF fully replace WebP?

Videos

[](https://www.youtube.com/watch?v=HcMKQIsuQXw)
YouTube
The Greatest WebP Converter LEVELLED UP - Version 2.1 - YouTube
April 2, 2025

[](https://www.youtube.com/watch?v=s093oEmc4no)
YouTube
The Ultimate WebP Image Converter & Database Cleaner! - YouTube
March 30, 2025

[](https://www.youtube.com/watch?v=tCG8a9VbU_g)
YouTube
Wordpress Tutorial | How to convert images into webp - YouTube
September 23, 2024

[](https://www.youtube.com/watch?v=Xi4o74zQqhc)
YouTube
Bulk Convert Images to WebP in WordPress to Speed Up WordPress ...
November 20, 2023

[](https://xilinx.github.io/Vitis_Libraries/codec/2022.1/benchmark/webpEnc.html)
KRS Documentation
xilinx.github.io › Vitis_Libraries › codec › 2022.1 › benchmark › webpEnc.html
Webp Encoder

[](https://groups.google.com/a/webmproject.org/g/webp-discuss/c/mu1RYRAe72A)
Google Groups
optimize webp encoding times?

[](https://pixotter.com/blog/webp-vs-avif/)
Pixotter
pixotter.com › home › blog › webp or avif for web performance? 2026 benchmark
WebP or AVIF for Web Performance? 2026 Benchmark
June 14, 2026

[](https://developers.google.com/speed/webp/docs/webp_lossless_alpha_study?hl=en)
Google
Lossless and Transparency Encoding in WebP | Google for Developers

[](https://ieeexplore.ieee.org/document/9558922/)
IEEE Xplore
ieeexplore.ieee.org › document › 9558922
Performance Evaluation of JPEG Standards, WebP and PNG in Terms of Compression Ratio and Time for Lossless Encoding

[](https://groups.google.com/a/webmproject.org/g/webp-discuss/c/hn3LwO6_bS0)
Google Groups
Comparative Analysis on WebP and JPEG Decoding Performance

[](https://www.researchgate.net/publication/355203041_Performance_Evaluation_of_JPEG_Standards_WebP_and_PNG_in_Terms_of_Compression_Ratio_and_Time_for_Lossless_Encoding)
ResearchGate
(PDF) Performance Evaluation of JPEG Standards, WebP and PNG in Terms of Compression Ratio and Time for Lossless Encoding
October 14, 2021

[](https://groups.google.com/a/webmproject.org/g/webp-discuss/c/KSfLSxelJp4)
Google Groups
WebP encode and decode performance compared to JPEG and PNG
August 20, 2017

[](https://github.com/deepteams/webp)
GitHub
github.com › deepteams › webp
GitHub - deepteams/webp: Pure Go encoder and decoder for the webp

[](https://github.com/HugoSmits86/nativewebp)
GitHub
github.com › HugoSmits86 › nativewebp
GitHub - HugoSmits86/nativewebp: Native webp encoder for Go

[](https://davidwalsh.name/webp-images-performance)
David Walsh
davidwalsh.name › webp-images-performance
WebP Performance
April 20, 2015

[](https://docs.amd.com/r/en-US/Vitis_Libraries/codec/benchmark/webpEnc.html)
AMD
docs.amd.com › r › en-US › Vitis_Libraries › codec › benchmark › webpEnc.html
Webp Encoder - 2023.2 English
October 16, 2024

[](https://groups.google.com/a/webmproject.org/g/webp-discuss/c/FPOfZs2cCS4)
Google Groups
WebP lossless decoding performance, two times slower than PNG ?
June 12, 2013

[](https://siipo.la/blog/is-webp-really-better-than-jpeg)
Siipo
siispo.la › blog › is-webp-really-better-than-jpeg
Is WebP really better than JPEG? – siipo.la
January 27, 2022

[](https://github.com/gen2brain/webp)
GitHub
github.com › gen2brain › webp
GitHub - gen2brain/webp: WebP image encoder/decoder

[](https://www.reddit.com/r/rust/comments/1g6mx4b/image_v0254_brings_faster_webp_decoding/)
Reddit
r/rust on Reddit: image v0.25.4 brings faster WebP decoding, orientation metadata support, fast blur
October 18, 2024

[](https://groups.google.com/a/webmproject.org/g/webp-discuss/c/WQCHANi6vgw)
Google Groups
Webp decode speed

[](https://developers.google.com/speed/webp/faq)
Google
developers.google.com › webp › frequently asked questions
Frequently Asked Questions | WebP | Google for Developers
February 3, 2026

Related queries: webp vs png, webp support, webp vs jpeg, webp quality settings, webp compressor, cwebp, webp browser support, webp to jpg

###### Resources

[Brave Search Premium](https://account.brave.com/?intent=checkout&product=search) [Brave Search Help](/help)

###### Products

[Brave Browser](https://brave.com/download/?mtm_source=brave-search&mtm_medium=searchfooter&mtm_campaign=brave-search&mtm_content=evergreen) [Brave Search](https://search.brave.com)

###### Policies

[Privacy Policy](/help/privacy-policy) [Terms of Use](https://brave.com/terms-of-use/)
