==============================================================================
[seq 2] 2026-10-03T12:42:02+00:00
$ git commit -m checkpoint: continuation VM online, GitHub app remote configured
cwd: /home/ubuntu/think-free
------------------------------------------------------------------------------
[stderr]

*** Please tell me who you are.

Run

  git config --global user.email "you@example.com"
  git config --global user.name "Your Name"

to set your account's default identity.
Omit --global to set the identity only in this repository.

fatal: unable to auto-detect email address (got 'ubuntu@instance-20260717-0944.(none)')
------------------------------------------------------------------------------
exit: 128  duration_ms: 19  redactions: none
==============================================================================
[seq 3] 2026-10-03T12:42:14+00:00
$ git commit -m checkpoint: continuation VM online, GitHub app remote configured
cwd: /home/ubuntu/think-free
------------------------------------------------------------------------------
[research/origin 70cf4a1] checkpoint: continuation VM online, GitHub app remote configured
 1 file changed, 3 insertions(+)
------------------------------------------------------------------------------
exit: 0  duration_ms: 191  redactions: none
==============================================================================
[seq 4] 2026-10-03T12:42:19+00:00
$ git push origin research/origin
cwd: /home/ubuntu/think-free
------------------------------------------------------------------------------
[stderr]
To https://github.com/ikihsan/think-free.git
   fb52372..70cf4a1  research/origin -> research/origin
------------------------------------------------------------------------------
exit: 0  duration_ms: 4006  redactions: none
