==============================================================================
[seq 5] 2026-10-06T02:44:44+00:00
$ python3 EXPERIMENTS/033-question-recurrence/harvest.py
cwd: /home/ubuntu/think-free
------------------------------------------------------------------------------
site=cooking  page=1 status=200 items=50 quota=264
  -> cooking kept 50 (pages=0, repeat ids skipped=0)
  -> cooking below the declared 500; trying the next site in order
site=outdoors page=1 status=200 items=9 quota=264
  -> outdoors kept 9 (pages=0, repeat ids skipped=0)
  -> outdoors below the declared 500; trying the next site in order
site=home-improvement page=1 status=400 items=- quota=-
  -> home-improvement kept 0 (pages=0, repeat ids skipped=0)
  -> home-improvement below the declared 500; trying the next site in order
site=travel   page=1 status=200 items=100 quota=261
site=travel   page=2 status=200 items=85 quota=261
  -> travel kept 185 (pages=1, repeat ids skipped=0)
  -> travel below the declared 500; trying the next site in order
site=math     page=1 status=200 items=100 quota=261
site=math     page=2 status=200 items=100 quota=258
site=math     page=3 status=200 items=100 quota=258
site=math     page=4 status=200 items=100 quota=258
site=math     page=5 status=200 items=100 quota=256
  -> math kept 500 (pages=5, repeat ids skipped=0)
sites used: ['math']
rows: 500  distinct users: 425
wrote EXPERIMENTS/033-question-recurrence/raw/harvest.jsonl
------------------------------------------------------------------------------
exit: 0  duration_ms: 5276  redactions: none
==============================================================================
[seq 6] 2026-10-06T02:46:25+00:00
$ python3 EXPERIMENTS/033-question-recurrence/harvest.py
cwd: /home/ubuntu/think-free
------------------------------------------------------------------------------
site=travel   page=1 status=200 items=100 quota=254
site=travel   page=2 status=200 items=100 quota=253
site=travel   page=3 status=200 items=100 quota=252
site=travel   page=4 status=200 items=100 quota=252
site=travel   page=5 status=200 items=100 quota=250
  -> travel kept 500 (pages=5, repeat ids skipped=0)
site=math     page=1 status=200 items=100 quota=250
site=math     page=2 status=200 items=100 quota=248
site=math     page=3 status=200 items=100 quota=248
site=math     page=4 status=200 items=100 quota=248
site=math     page=5 status=200 items=100 quota=245
  -> math kept 500 (pages=5, repeat ids skipped=0)
site=cooking  page=1 status=200 items=100 quota=245
site=cooking  page=2 status=200 items=100 quota=243
site=cooking  page=3 status=200 items=100 quota=243
site=cooking  page=4 status=200 items=21 quota=243
  -> cooking kept 321 (pages=3, repeat ids skipped=0)
  -> cooking below the declared floor of 400; trying the next site in order
site=outdoors page=1 status=200 items=62 quota=240
  -> outdoors kept 62 (pages=0, repeat ids skipped=0)
  -> outdoors below the declared floor of 400; trying the next site in order
sites used: ['travel', 'math']
rows: 1000  distinct users: 862
wrote EXPERIMENTS/033-question-recurrence/raw/harvest.jsonl
------------------------------------------------------------------------------
exit: 0  duration_ms: 7775  redactions: none
==============================================================================
[seq 7] 2026-10-06T02:47:20+00:00
$ python3 EXPERIMENTS/033-question-recurrence/resolve.py
cwd: /home/ubuntu/think-free
------------------------------------------------------------------------------
duplicate closures available: {'math': 21, 'travel': 33}
edges declared for resolution: 40
dup=4939925   site=math     status=200 related=7 quota=239
dup=4939886   site=math     status=200 related=6 quota=239
dup=4939789   site=math     status=200 related=7 quota=239
dup=4939734   site=math     status=200 related=6 quota=239
dup=4939707   site=math     status=200 related=9 quota=235
dup=4939467   site=math     status=200 related=8 quota=235
dup=4939406   site=math     status=200 related=7 quota=235
dup=4939302   site=math     status=200 related=6 quota=232
dup=4939286   site=math     status=200 related=10 quota=232
dup=4939255   site=math     status=200 related=9 quota=232
dup=4939245   site=math     status=200 related=7 quota=232
dup=4939137   site=math     status=200 related=9 quota=228
dup=4939035   site=math     status=200 related=7 quota=228
dup=4939001   site=math     status=200 related=4 quota=228
dup=4938976   site=math     status=200 related=8 quota=225
dup=4938742   site=math     status=200 related=7 quota=225
dup=4938687   site=math     status=200 related=9 quota=225
dup=4938676   site=math     status=200 related=9 quota=225
dup=4938667   site=math     status=200 related=6 quota=221
dup=4938602   site=math     status=200 related=8 quota=221
dup=189910    site=travel   status=200 related=8 quota=219
dup=189873    site=travel   status=200 related=9 quota=219
dup=189869    site=travel   status=200 related=10 quota=219
dup=189816    site=travel   status=200 related=9 quota=216
dup=189814    site=travel   status=200 related=10 quota=216
dup=189813    site=travel   status=200 related=6 quota=216
dup=189760    site=travel   status=200 related=7 quota=216
dup=189651    site=travel   status=200 related=5 quota=212
dup=189620    site=travel   status=200 related=6 quota=212
dup=189575    site=travel   status=200 related=7 quota=212
dup=189543    site=travel   status=200 related=7 quota=212
dup=189450    site=travel   status=200 related=8 quota=208
dup=189377    site=travel   status=200 related=4 quota=208
dup=189357    site=travel   status=200 related=5 quota=208
dup=189334    site=travel   status=200 related=5 quota=205
dup=189295    site=travel   status=200 related=6 quota=205
dup=189237    site=travel   status=200 related=8 quota=203
dup=189220    site=travel   status=200 related=5 quota=203
dup=189197    site=travel   status=200 related=9 quota=203
dup=189101    site=travel   status=200 related=6 quota=203
confirm site=math     ids=20 status=400 quota=None
confirm site=travel   ids=20 status=400 quota=None
edges written: 40  with a top-ranked related row: 40  canonicals confirmed: 0
wrote EXPERIMENTS/033-question-recurrence/raw/edges.jsonl and EXPERIMENTS/033-question-recurrence/raw/canonicals.jsonl
------------------------------------------------------------------------------
exit: 0  duration_ms: 15176  redactions: none
==============================================================================
[seq 8] 2026-10-06T02:50:44+00:00
$ python3 EXPERIMENTS/033-question-recurrence/sheet.py
cwd: /home/ubuntu/think-free
------------------------------------------------------------------------------
sheet: 48 rows  ({'edge': 24, 'unrelated': 24})
sha256: cb1ecdd87c1b6e8c5b60995d04a919c9eec371b67ad5a04113add9d88a5751c1
wrote EXPERIMENTS/033-question-recurrence/sheets/q2_pairs.tsv and raw/q2_key.jsonl
wrote EXPERIMENTS/033-question-recurrence/sheets/MANIFEST.json
------------------------------------------------------------------------------
exit: 0  duration_ms: 303  redactions: none
==============================================================================
[seq 9] 2026-10-06T02:53:28+00:00
$ python3 EXPERIMENTS/033-question-recurrence/tally.py --check
cwd: /home/ubuntu/think-free
------------------------------------------------------------------------------
[stderr]
Traceback (most recent call last):
  File "EXPERIMENTS/033-question-recurrence/tally.py", line 276, in <module>
    sys.exit(main())
  File "EXPERIMENTS/033-question-recurrence/tally.py", line 71, in main
    sheet_bytes = open(os.path.join(SHEETS, manifest["sheet"]), "rb").read()
FileNotFoundError: [Errno 2] No such file or directory: '/home/ubuntu/think-free/EXPERIMENTS/033-question-recurrence/sheets/sheets/q2_pairs.tsv'
------------------------------------------------------------------------------
exit: 1  duration_ms: 917  redactions: none
==============================================================================
[seq 10] 2026-10-06T02:53:41+00:00
$ python3 EXPERIMENTS/033-question-recurrence/tally.py --check
cwd: /home/ubuntu/think-free
------------------------------------------------------------------------------
E033 gate table
==============================================================================
A1   pass   >= 95%% of fetches 200; every row carries a closed_rea 24/25 fetches 200, 1000 rows, 5 distinct closure reasons
A2   pass   the visibility calculation's inputs are measured, not  p = 0.0540 measured, q = 0.0500 over 40 resolved edges
A3   FAIL   >= 30 of 40 edges read `same` and canonical author dif 6/24 sheet rows `same` by both readers; author differs on 38/40 edges
A4   pass   reader kappa >= 0.6 (undefined kappa => not_evaluated) kappa = 0.8327402135231318 on 47 double-read rows
A5   pass   the unrelated arm reads `same` for <= 0.20             0/24 `same` on reader 1 (0.0000)
------------------------------------------------------------------------------
population: 1000 questions, 862 distinct users, sites ['math', 'travel']
  math     n=500   dup=21   rate=0.0420 CI95 [0.0276, 0.0634]
  travel   n=500   dup=33   rate=0.0660 CI95 [0.0474, 0.0912]
closed_reason distribution (D2):
  (absent: not closed)         900  (0.9000)
  Duplicate                     54  (0.0540)
  Not suitable for this site    23  (0.0230)
  Needs details or clarity      17  (0.0170)
  Opinion-based                  3  (0.0030)
  Needs more focus               3  (0.0030)
------------------------------------------------------------------------------
HEADLINE D1: 54/1000 = 0.0540  CI95 [0.0416, 0.0698]   record bound 0.0223
D7 counterfactual 60-draw by score: top-60 contains 0 duplicates; mean over all 941 sliding windows 3.370 (max 12)
D6 rate by score tertile:
  high (top third by score)      n=333   dup=6    rate=0.0180 CI95 [0.0083, 0.0387]
  low (bottom third)             n=334   dup=27   rate=0.0808 CI95 [0.0561, 0.1151]
  middle                         n=333   dup=21   rate=0.0631 CI95 [0.0416, 0.0945]
D5 words: median 111, inside E032's 40-600 window 904/1000 (0.9040)
------------------------------------------------------------------------------
reader arms (both readers):
  edge        n=24  r1 same=9   r2 same=6   both same=6   unclear=1
  unrelated   n=24  r1 same=0   r2 same=0   both same=0   unclear=0
D3/D8 edges: 40 resolved, canonical in population 2 (q=0.0500), different author 38, canonical answer_count>=1 on 40
D4 expected visible in-sample edges: n=60 E=0.162, n=100 E=0.270
------------------------------------------------------------------------------
VERDICT: B1__the_record_bound_is_refuted
------------------------------------------------------------------------------
exit: 0  duration_ms: 167  redactions: none
==============================================================================
[seq 11] 2026-10-06T02:54:29+00:00
$ python3 EXPERIMENTS/033-question-recurrence/tally.py --check
cwd: /home/ubuntu/think-free
------------------------------------------------------------------------------
E033 gate table
==============================================================================
A1   pass   >= 95% of fetches 200; every row carries a closed_reas 24/25 fetches 200, 1000 rows, 5 distinct closure reasons
A2   FAIL   the visibility calculation's inputs are measured, not  p = 0.0540 measured; q = 0.0500 over 40 resolved edges, gated on A3=FAIL
A3   FAIL   >= 30 of 40 edges read `same` and canonical author dif 6/24 sheet rows `same` by both readers; author differs on 38/40 edges
A4   pass   reader kappa >= 0.6 (undefined kappa => not_evaluated) kappa = 0.8327402135231318 on 47 double-read rows
A5   pass   the unrelated arm reads `same` for <= 0.20             0/24 `same` on reader 1 (0.0000)
------------------------------------------------------------------------------
population: 1000 questions, 862 distinct users, sites ['math', 'travel']
  math     n=500   dup=21   rate=0.0420 CI95 [0.0276, 0.0634]
  travel   n=500   dup=33   rate=0.0660 CI95 [0.0474, 0.0912]
closed_reason distribution (D2):
  (absent: not closed)         900  (0.9000)
  Duplicate                     54  (0.0540)
  Not suitable for this site    23  (0.0230)
  Needs details or clarity      17  (0.0170)
  Opinion-based                  3  (0.0030)
  Needs more focus               3  (0.0030)
------------------------------------------------------------------------------
HEADLINE D1: 54/1000 = 0.0540  CI95 [0.0416, 0.0698]   record bound 0.0223
D7 counterfactual 60-draw by score: top-60 contains 0 duplicates; mean over all 941 sliding windows 3.370 (max 12)
D6 rate by score tertile:
  high (top third by score)      n=333   dup=6    rate=0.0180 CI95 [0.0083, 0.0387]
  low (bottom third)             n=334   dup=27   rate=0.0808 CI95 [0.0561, 0.1151]
  middle                         n=333   dup=21   rate=0.0631 CI95 [0.0416, 0.0945]
D5 words: median 111, inside E032's 40-600 window 904/1000 (0.9040)
------------------------------------------------------------------------------
reader arms (both readers):
  edge        n=24  r1 same=9   r2 same=6   both same=6   unclear=1
  unrelated   n=24  r1 same=0   r2 same=0   both same=0   unclear=0
D3/D8 edges: 40 resolved, canonical in population 2 (q=0.0500, UNVERIFIED: A3 failed), different author 38, canonical answer_count>=1 on 40
D4 not_evaluated: q rests on canonicals A3 did not verify, so the product n*p*q is not reported. D7 is the declared stand-in and needs no canonical.
------------------------------------------------------------------------------
VERDICT: B1__the_record_bound_is_refuted
------------------------------------------------------------------------------
exit: 0  duration_ms: 135  redactions: none
==============================================================================
[seq 12] 2026-10-06T02:55:22+00:00
$ python3 EXPERIMENTS/033-question-recurrence/tally.py --check
cwd: /home/ubuntu/think-free
------------------------------------------------------------------------------
E033 gate table
==============================================================================
A1   pass   >= 95% of fetches 200; every row carries a closed_reas 24/25 fetches 200, 1000 rows, 5 distinct closure reasons
A2   FAIL   the visibility calculation's inputs are measured, not  p = 0.0540 measured; q = 0.0500 over 40 resolved edges, gated on A3=FAIL
A3   FAIL   >= 30 of 40 edges read `same` and canonical author dif 6/24 sheet rows `same` by both readers; author differs on 38/40 edges
A4   pass   reader kappa >= 0.6 (undefined kappa => not_evaluated) kappa = 0.8327402135231318 on 47 double-read rows
A5   pass   the unrelated arm reads `same` for <= 0.20             0/24 `same` on reader 1 (0.0000)
------------------------------------------------------------------------------
population: 1000 questions, 862 distinct users, sites ['math', 'travel']
  math     n=500   dup=21   rate=0.0420 CI95 [0.0276, 0.0634]
  travel   n=500   dup=33   rate=0.0660 CI95 [0.0474, 0.0912]
closed_reason distribution (D2):
  (absent: not closed)         900  (0.9000)
  Duplicate                     54  (0.0540)
  Not suitable for this site    23  (0.0230)
  Needs details or clarity      17  (0.0170)
  Opinion-based                  3  (0.0030)
  Needs more focus               3  (0.0030)
------------------------------------------------------------------------------
HEADLINE D1: 54/1000 = 0.0540  CI95 [0.0416, 0.0698]   record bound 0.0223
D7 counterfactual 60-draw by score: top-60 contains 0 duplicates; mean over all 941 sliding windows 3.370 (max 12)
D6 rate by score tertile:
  high (top third by score)      n=333   dup=6    rate=0.0180 CI95 [0.0083, 0.0387]
  low (bottom third)             n=334   dup=27   rate=0.0808 CI95 [0.0561, 0.1151]
  middle                         n=333   dup=21   rate=0.0631 CI95 [0.0416, 0.0945]
D5 words: median 111, inside E032's 40-600 window 904/1000 (0.9040)
D9 unanswered share: duplicate 30/54 = 0.5556 vs other 200/946 = 0.2114, difference CI95 [+0.2096, +0.4710]
------------------------------------------------------------------------------
reader arms (both readers):
  edge        n=24  r1 same=9   r2 same=6   both same=6   unclear=1
  unrelated   n=24  r1 same=0   r2 same=0   both same=0   unclear=0
D3/D8 edges: 40 resolved, canonical in population 2 (q=0.0500, UNVERIFIED: A3 failed), different author 38, canonical answer_count>=1 on 40
D4 not_evaluated: q rests on canonicals A3 did not verify, so the product n*p*q is not reported. D7 is the declared stand-in and needs no canonical.
------------------------------------------------------------------------------
VERDICT: B1__the_record_bound_is_refuted
------------------------------------------------------------------------------
exit: 0  duration_ms: 195  redactions: none
==============================================================================
[seq 13] 2026-10-06T02:58:14+00:00
$ python3 EXPERIMENTS/033-question-recurrence/tally.py --check
cwd: /home/ubuntu/think-free
------------------------------------------------------------------------------
E033 gate table
==============================================================================
A1   pass   >= 95% of fetches 200; every row carries a closed_reas 24/25 fetches 200, 1000 rows, 5 distinct closure reasons
A2   FAIL   the visibility calculation's inputs are measured, not  p = 0.0540 measured; q_raw = 0.0500 over 40 edges, A3 = FAIL
A3   FAIL   >= 30 of 40 edges read `same` and canonical author dif 6/24 sheet rows `same` by both readers; author differs on 38/40 edges
A4   pass   reader kappa >= 0.6 (undefined kappa => not_evaluated) kappa = 0.8327402135231318 on 47 double-read rows
A5   pass   the unrelated arm reads `same` for <= 0.20             0/24 `same` on reader 1 (0.0000)
------------------------------------------------------------------------------
population: 1000 questions, 862 distinct users, sites ['math', 'travel']
  math     n=500   dup=21   rate=0.0420 CI95 [0.0276, 0.0634]
  travel   n=500   dup=33   rate=0.0660 CI95 [0.0474, 0.0912]
D2 closure distribution: absent (question not closed)=900, Duplicate=54, Not suitable for this site=23, Needs details or clarity=17, Needs more focus=3, Opinion-based=3
------------------------------------------------------------------------------
HEADLINE D1: 54/1000 = 0.0540  CI95 [0.0416, 0.0698]   record bound 0.0223
D7 counterfactual 60-draw by score: top-60 contains 0 duplicates (scores [77, 8]), mean over 941 sliding windows 3.37 (max 12, 142 windows empty)
D6 rate by score tertile:
  high (top third by score)      n=333   dup=6    rate=0.0180 CI95 [0.0083, 0.0387]
  low (bottom third)             n=334   dup=27   rate=0.0808 CI95 [0.0561, 0.1151]
  middle                         n=333   dup=21   rate=0.0631 CI95 [0.0416, 0.0945]
  low/high ratio 4.49x
D5 words: median 111 (range 11-1397), inside E032's [40, 600] window 904/1000
D9 unanswered share: duplicate 30/54 = 0.5556 vs other 200/946 = 0.2114, difference CI95 [+0.2096, +0.4710], ratio 2.63x
------------------------------------------------------------------------------
reader arms (both readers):
  edge        n=24  r1 same=9   r2 same=6   both same=6   unclear=1
  unrelated   n=24  r1 same=0   r2 same=0   both same=0   unclear=0
D3/D8 edges: 40 resolved, canonical in population 2 (q_raw=0.0500, UNVERIFIED: A3 failed), different author 38, canonical has >=1 answer 40, has accepted answer 17
D4 not_evaluated: q rests on canonicals A3 did not verify, so n*p*q is not printed. D7 is the declared stand-in and needs no canonical.
------------------------------------------------------------------------------
VERDICT: B1__the_record_bound_is_refuted
------------------------------------------------------------------------------
exit: 0  duration_ms: 278  redactions: none
