[seq 2] 2026-10-03T21:42:42+00:00
$ python3 -c 
import setuptools, wheel, sys
print('python', sys.version.split()[0])
print('setuptools', setuptools.__version__)
print('wheel', wheel.__version__)

cwd: /home/ubuntu/think-free
------------------------------------------------------------------------------
python 3.8.10
setuptools 45.2.0
wheel 0.34.2
------------------------------------------------------------------------------
exit: 0  duration_ms: 695  redactions: none
[seq 3] 2026-10-03T21:47:35+00:00
$ python3 -m unittest discover -s tests
cwd: /home/ubuntu/think-free
------------------------------------------------------------------------------
T-0001   open       -              T-0001-listed.md
T-0001   open       -              T-0001-listed.md


[stderr]
....usage: origin session finish [-h] --outcome {worked,partial,failed,no-change}
                             --summary SUMMARY --next NEXT_STEPS [--push]
origin session finish: error: argument --outcome: invalid choice: 'brilliant' (choose from 'worked', 'partial', 'failed', 'no-change')
....origin: no active session; run 'tools/origin session start --goal "..."' first
.....origin: no such task: T-9999
................................................................................origin: --dir is not a directory: nope
..origin: give one or more paths, or at least one --dir
..............................................................................
----------------------------------------------------------------------
Ran 173 tests in 88.092s

OK
------------------------------------------------------------------------------
exit: 0  duration_ms: 88498  redactions: none
[seq 4] 2026-10-03T21:49:21+00:00
$ python3 -m unittest discover -s tests
cwd: /home/ubuntu/think-free
------------------------------------------------------------------------------
T-0001   open       -              T-0001-listed.md
T-0001   open       -              T-0001-listed.md


[stderr]
....usage: origin session finish [-h] --outcome {worked,partial,failed,no-change}
                             --summary SUMMARY --next NEXT_STEPS [--push]
origin session finish: error: argument --outcome: invalid choice: 'brilliant' (choose from 'worked', 'partial', 'failed', 'no-change')
....origin: no active session; run 'tools/origin session start --goal "..."' first
.....origin: no such task: T-9999
..................................................................................origin: --dir is not a directory: nope
..origin: give one or more paths, or at least one --dir
..............................................................................
----------------------------------------------------------------------
Ran 175 tests in 89.903s

OK
------------------------------------------------------------------------------
exit: 0  duration_ms: 90245  redactions: none
[seq 23] 2026-10-03T21:50:33+00:00
$ python3 EXPERIMENTS/008-build-timestamp-attribution/fetch_sources.py
cwd: /home/ubuntu/think-free
------------------------------------------------------------------------------
fetched 5 of 5 sources -> /home/ubuntu/think-free/EXPERIMENTS/008-build-timestamp-attribution/sources.json
  six-1.16.0.tar.gz                      34041 bytes  1e61c37477a16264
  toml-0.10.2.tar.gz                     22253 bytes  b3bda1d108d5dd99
  idna-3.3.tar.gz                       286689 bytes  9d643ff0a55b762d
  packaging-21.3.tar.gz                  84848 bytes  dd47c42927d89ab9
  click-8.1.7.tar.gz                    336121 bytes  ca9853ad459e787e
------------------------------------------------------------------------------
exit: 0  duration_ms: 29204  redactions: none
[seq 35] 2026-10-03T21:58:50+00:00
$ python3 EXPERIMENTS/008-build-timestamp-attribution/attribute.py
cwd: /home/ubuntu/think-free
------------------------------------------------------------------------------
six        built=True  n_diff=18 ts=18 other=0 patch_identical=True
toml       built=True  n_diff=50 ts=50 other=0 patch_identical=True
idna       built=True  n_diff=82 ts=82 other=0 patch_identical=True
packaging  built=True  n_diff=110 ts=110 other=0 patch_identical=True
click      built=True  n_diff=146 ts=146 other=0 patch_identical=True
gate: timestamps-first
  G1_arm_n_patch_reaches_identity: got 4, needs >= 3 of 4 sources
  G2_planted_defect_detected: got 4, needs every source the defect was planted on
  G3_arm_h_bit_identical: got 4, needs >= 3 of 4 sources
  G4_arm_n_residual_causes: got 0, needs fewer than 2 sources left with residual differences
  G5_non_timestamp_share: got 0, needs no source with non-timestamp share at or above 0.25
------------------------------------------------------------------------------
exit: 0  duration_ms: 39409  redactions: none
[seq 49] 2026-10-03T22:01:38+00:00
$ python3 EXPERIMENTS/008-build-timestamp-attribution/attribute.py
cwd: /home/ubuntu/think-free
------------------------------------------------------------------------------
six        built=True  n_diff=18 ts=18 other=0 patch_identical=True
toml       built=True  n_diff=50 ts=50 other=0 patch_identical=True
idna       built=True  n_diff=82 ts=82 other=0 patch_identical=True
packaging  built=True  n_diff=110 ts=110 other=0 patch_identical=True


[stderr]
Traceback (most recent call last):
  File "EXPERIMENTS/008-build-timestamp-attribution/attribute.py", line 188, in <module>
    raise SystemExit(main())
  File "EXPERIMENTS/008-build-timestamp-attribution/attribute.py", line 164, in main
    row = builds.run_source(source, workdir, SDIST_DIR)
  File "/home/ubuntu/think-free/EXPERIMENTS/008-build-timestamp-attribution/builds.py", line 238, in run_source
    plant = plant_content_defect(trees["C"], entries)
  File "/home/ubuntu/think-free/EXPERIMENTS/008-build-timestamp-attribution/builds.py", line 65, in plant_content_defect
    raise ValueError("no packaged file is also present in the tree")
ValueError: no packaged file is also present in the tree
------------------------------------------------------------------------------
exit: 1  duration_ms: 38789  redactions: none
[seq 51] 2026-10-03T22:02:27+00:00
$ python3 EXPERIMENTS/008-build-timestamp-attribution/attribute.py
cwd: /home/ubuntu/think-free
------------------------------------------------------------------------------
six        built=True  n_diff=18 ts=18 other=0 patch_identical=True
toml       built=True  n_diff=50 ts=50 other=0 patch_identical=True
idna       built=True  n_diff=74 ts=74 other=0 patch_identical=True
packaging  built=True  n_diff=110 ts=110 other=0 patch_identical=True
click      built=True  n_diff=146 ts=146 other=0 patch_identical=True
gate: timestamps-first
  G1_arm_n_patch_reaches_identity: got 4, needs >= 3 of 4 sources
  G2_planted_defect_detected: got 4, needs every source the defect was planted on
  G3_arm_h_bit_identical: got 4, needs >= 3 of 4 sources
  G4_arm_n_residual_causes: got 0, needs fewer than 2 sources left with residual differences
  G5_non_timestamp_share: got 0, needs no source with non-timestamp share at or above 0.25
------------------------------------------------------------------------------
exit: 0  duration_ms: 37511  redactions: none
[seq 53] 2026-10-03T22:14:31+00:00
$ python3 -m unittest discover -s tests
cwd: /home/ubuntu/think-free
------------------------------------------------------------------------------
T-0001   open       -              T-0001-listed.md
T-0001   open       -              T-0001-listed.md


[stderr]
....usage: origin session finish [-h] --outcome {worked,partial,failed,no-change}
                             --summary SUMMARY --next NEXT_STEPS [--push]
origin session finish: error: argument --outcome: invalid choice: 'brilliant' (choose from 'worked', 'partial', 'failed', 'no-change')
....origin: no active session; run 'tools/origin session start --goal "..."' first
.....origin: no such task: T-9999
....................................................................................origin: --dir is not a directory: nope
..origin: give one or more paths, or at least one --dir
..............................................................................
----------------------------------------------------------------------
Ran 177 tests in 92.706s

OK
------------------------------------------------------------------------------
exit: 0  duration_ms: 93097  redactions: none
==============================================================================
[seq 159] 2026-10-03T22:31:48+00:00
$ python3 -m unittest discover -s tests
cwd: /home/ubuntu/think-free
------------------------------------------------------------------------------
T-0001   open       -              T-0001-listed.md
T-0001   open       -              T-0001-listed.md


[stderr]
....usage: origin session finish [-h] --outcome {worked,partial,failed,no-change}
                             --summary SUMMARY --next NEXT_STEPS [--push]
origin session finish: error: argument --outcome: invalid choice: 'brilliant' (choose from 'worked', 'partial', 'failed', 'no-change')
....origin: no active session; run 'tools/origin session start --goal "..."' first
.....origin: no such task: T-9999
......................................................................................origin: --dir is not a directory: nope
..origin: give one or more paths, or at least one --dir
...............................................................................
----------------------------------------------------------------------
Ran 180 tests in 93.723s

OK
------------------------------------------------------------------------------
exit: 0  duration_ms: 94292  redactions: none
==============================================================================
[seq 160] 2026-10-03T22:35:02+00:00
$ python3 -m unittest discover -s tests
cwd: /home/ubuntu/think-free
------------------------------------------------------------------------------
T-0001   open       -              T-0001-listed.md
T-0001   open       -              T-0001-listed.md


[stderr]
....usage: origin session finish [-h] --outcome {worked,partial,failed,no-change}
                             --summary SUMMARY --next NEXT_STEPS [--push]
origin session finish: error: argument --outcome: invalid choice: 'brilliant' (choose from 'worked', 'partial', 'failed', 'no-change')
....origin: no active session; run 'tools/origin session start --goal "..."' first
.....origin: no such task: T-9999
....................................................................................origin: --dir is not a directory: nope
..origin: give one or more paths, or at least one --dir
...............................................................................
----------------------------------------------------------------------
Ran 178 tests in 91.799s

OK
------------------------------------------------------------------------------
exit: 0  duration_ms: 92231  redactions: none
