==============================================================================
[seq 2] 2026-10-04T01:05:57+00:00
$ bash -c curl -sS -m 30 "https://api.github.com/repos/ikihsan/think-free/actions/runs?per_page=12" | python3 -c "
import json,sys
d=json.load(sys.stdin)
for r in d.get(\"workflow_runs\", []):
    print(r[\"id\"], r[\"head_sha\"][:12], r[\"conclusion\"], r[\"created_at\"])
"
cwd: /home/ubuntu/think-free
------------------------------------------------------------------------------
37166964578 32c609ef69ca None 2026-10-04T01:05:50Z
37166960437 4cf19dbaf2e6 None 2026-10-04T01:05:44Z
37166854486 fc9d9ed12141 success 2026-10-04T01:03:41Z
37166490623 580ad6744393 failure 2026-10-04T00:56:40Z
37166485867 d3e3a9071859 success 2026-10-04T00:56:35Z
37166293583 412f7b5ff4b1 success 2026-10-04T00:52:47Z
37165807196 de08efaa30e4 failure 2026-10-04T00:43:15Z
37165802926 bc7f5fb0a94e failure 2026-10-04T00:43:10Z
37165765013 514cbaf55145 success 2026-10-04T00:42:25Z
37165507351 cb5ff75637b1 failure 2026-10-04T00:37:21Z
37165502352 a2f5ca09e872 failure 2026-10-04T00:37:15Z
37165413909 9e865a42b152 success 2026-10-04T00:35:29Z
------------------------------------------------------------------------------
exit: 0  duration_ms: 810  redactions: none
==============================================================================
[seq 5] 2026-10-04T01:06:42+00:00
$ tools/origin task verify T-0028
cwd: /home/ubuntu/think-free
------------------------------------------------------------------------------
T-0028: `grep -q '37166490623' STATE.md && tools/origin doc lint` -> exit 0 in 1.88s
------------------------------------------------------------------------------
exit: 0  duration_ms: 2281  redactions: none
