==============================================================================
[seq 3] 2026-10-03T16:06:24+00:00
$ python3 -m unittest discover -s tests
cwd: /home/ubuntu/think-free
------------------------------------------------------------------------------
T-0001   open       -              T-0001-listed.md
T-0001   open       -              T-0001-listed.md


[stderr]
....usage: origin session finish [-h] --outcome {worked,partial,failed,no-change}
                             --summary SUMMARY --next NEXT_STEPS [--push]
origin session finish: error: argument --outcome: invalid choice: 'brilliant' (choose from 'worked', 'partial', 'failed', 'no-change')
....origin: no active session; run 'tools/origin session start --goal "..."' first
.....origin: no such task: T-9999
.........................................................................origin: --dir is not a directory: nope
..origin: give one or more paths, or at least one --dir
..............................................E...E...E.........................
======================================================================
ERROR: test_finish_with_push_publishes_the_record (test_sync.SessionBoundaryTest)
----------------------------------------------------------------------
Traceback (most recent call last):
  File "/home/ubuntu/think-free/tests/test_sync.py", line 220, in test_finish_with_push_publishes_the_record
    result = session.finish("no-change", "nothing changed", "none", push=True)
  File "/home/ubuntu/think-free/tools/originlib/session.py", line 182, in finish
    _prepare_push(active)
  File "/home/ubuntu/think-free/tools/originlib/session.py", line 170, in _prepare_push
    raise SessionError(
originlib.activestate.SessionError: commit these before finishing with --push, so the record and the work travel together: sessions/active.json

======================================================================
ERROR: test_start_records_the_remote_state_it_synced_to (test_sync.SessionBoundaryTest)
----------------------------------------------------------------------
Traceback (most recent call last):
  File "/home/ubuntu/think-free/tests/test_sync.py", line 210, in test_start_records_the_remote_state_it_synced_to
    data = next(e for e in events if e["kind"] == "session_start")["data"]
StopIteration

======================================================================
ERROR: test_land_resolves_generated_index_conflicts_by_regenerating (test_sync.SyncTest)
----------------------------------------------------------------------
Traceback (most recent call last):
  File "/home/ubuntu/think-free/tests/test_sync.py", line 131, in test_land_resolves_generated_index_conflicts_by_regenerating
    (self.vm_a / "sessions" / "INDEX.md").write_text(
  File "/usr/lib/python3.8/pathlib.py", line 1255, in write_text
    with self.open(mode='w', encoding=encoding, errors=errors) as f:
  File "/usr/lib/python3.8/pathlib.py", line 1222, in open
    return io.open(self, mode, buffering, encoding, errors, newline,
  File "/usr/lib/python3.8/pathlib.py", line 1078, in _opener
    return self._accessor.open(self, flags, mode)
FileNotFoundError: [Errno 2] No such file or directory: '/tmp/origin-fleet-c96urgtf/vm-a/sessions/INDEX.md'

----------------------------------------------------------------------
Ran 168 tests in 98.828s

FAILED (errors=3)
------------------------------------------------------------------------------
exit: 1  duration_ms: 99382  redactions: none
==============================================================================
[seq 4] 2026-10-03T16:08:05+00:00
$ python3 -m unittest discover -s tests
cwd: /home/ubuntu/think-free
------------------------------------------------------------------------------
T-0001   open       -              T-0001-listed.md
T-0001   open       -              T-0001-listed.md


[stderr]
....usage: origin session finish [-h] --outcome {worked,partial,failed,no-change}
                             --summary SUMMARY --next NEXT_STEPS [--push]
origin session finish: error: argument --outcome: invalid choice: 'brilliant' (choose from 'worked', 'partial', 'failed', 'no-change')
....origin: no active session; run 'tools/origin session start --goal "..."' first
.....origin: no such task: T-9999
.........................................................................origin: --dir is not a directory: nope
..origin: give one or more paths, or at least one --dir
..............................................E...E...E.........................
======================================================================
ERROR: test_finish_with_push_publishes_the_record (test_sync.SessionBoundaryTest)
----------------------------------------------------------------------
Traceback (most recent call last):
  File "/home/ubuntu/think-free/tests/test_sync.py", line 220, in test_finish_with_push_publishes_the_record
    result = session.finish("no-change", "nothing changed", "none", push=True)
  File "/home/ubuntu/think-free/tools/originlib/session.py", line 182, in finish
    _prepare_push(active)
  File "/home/ubuntu/think-free/tools/originlib/session.py", line 170, in _prepare_push
    raise SessionError(
originlib.activestate.SessionError: commit these before finishing with --push, so the record and the work travel together: sessions/active.json

======================================================================
ERROR: test_start_records_the_remote_state_it_synced_to (test_sync.SessionBoundaryTest)
----------------------------------------------------------------------
Traceback (most recent call last):
  File "/home/ubuntu/think-free/tests/test_sync.py", line 210, in test_start_records_the_remote_state_it_synced_to
    data = next(e for e in events if e["kind"] == "session_start")["data"]
StopIteration

======================================================================
ERROR: test_land_resolves_generated_index_conflicts_by_regenerating (test_sync.SyncTest)
----------------------------------------------------------------------
Traceback (most recent call last):
  File "/home/ubuntu/think-free/tests/test_sync.py", line 131, in test_land_resolves_generated_index_conflicts_by_regenerating
    (self.vm_a / "sessions" / "INDEX.md").write_text(
  File "/usr/lib/python3.8/pathlib.py", line 1255, in write_text
    with self.open(mode='w', encoding=encoding, errors=errors) as f:
  File "/usr/lib/python3.8/pathlib.py", line 1222, in open
    return io.open(self, mode, buffering, encoding, errors, newline,
  File "/usr/lib/python3.8/pathlib.py", line 1078, in _opener
    return self._accessor.open(self, flags, mode)
FileNotFoundError: [Errno 2] No such file or directory: '/tmp/origin-fleet-9dim9gkq/vm-a/sessions/INDEX.md'

----------------------------------------------------------------------
Ran 168 tests in 93.995s

FAILED (errors=3)
------------------------------------------------------------------------------
exit: 1  duration_ms: 94772  redactions: none
